Device: mps, seed: 42
Dataset: smd machine-1-4
  Train shape: (23706, 38), Test shape: (23707, 38)
  Test anomaly rate: 0.030
Variant: full  (use_swse=True, use_mswea=True)
Fusionformer params: 3,437,304
Discriminator params: 600,449

Training 15 epochs with paper-matched hyperparameters:
  d_model=252, n_heads=6, L_seg=4, T=96, tau=24
  epoch  1/15  pred_MSE=0.0614  D_loss=nan  F_loss=0.0614
  epoch  2/15  pred_MSE=0.0435  D_loss=nan  F_loss=0.0435
  epoch  3/15  pred_MSE=0.0410  D_loss=nan  F_loss=0.0410
  epoch  4/15  pred_MSE=0.0398  D_loss=nan  F_loss=0.0398
  epoch  5/15  pred_MSE=0.0392  D_loss=nan  F_loss=0.0392
  epoch  6/15  pred_MSE=0.0387  D_loss=nan  F_loss=0.0387
  epoch  7/15  pred_MSE=0.0385  D_loss=nan  F_loss=0.0385
  epoch  8/15  pred_MSE=0.0381  D_loss=nan  F_loss=0.0381
  epoch  9/15  pred_MSE=0.0379  D_loss=nan  F_loss=0.0379
  epoch 10/15  pred_MSE=0.0375  D_loss=nan  F_loss=0.0375
  epoch 11/15  pred_MSE=0.0373  D_loss=nan  F_loss=0.0373
  epoch 12/15  pred_MSE=0.0370  D_loss=nan  F_loss=0.0370
  epoch 13/15  pred_MSE=0.0366  D_loss=nan  F_loss=0.0366
  epoch 14/15  pred_MSE=0.0364  D_loss=nan  F_loss=0.0364
  epoch 15/15  pred_MSE=0.0360  D_loss=nan  F_loss=0.0360
Training took 78.3 min

Scoring test set via forecast error...

FAITHFUL FUSIONFORMER RESULTS (per Wang et al. 2025)
==============================================================
Dataset: smd machine-1-4
Model: Fusionformer forecasting (T=96, tau=24), seed=42
Hyperparameters (paper-matched): d_model=252, n_heads=6, L_seg=4, N_enc=1, N_dec=1
Fusionformer params: 3,437,304, Discriminator params: 600,449
Training: 15 epochs, batch 64, lr_F=0.00015, lr_D=7.5e-05, adv weight=0.0
Wall-clock: 78.3 min on mps

Test AUROC: 0.9337
Test PR-AUC: 0.2614
Test anomaly rate: 0.030
==============================================================

Saved: notes/ff_true_full_smd_machine-1-4_seed42.txt
