Device: mps, seed: 0
Dataset: smd machine-2-1
  Train shape: (23693, 38), Test shape: (23694, 38)
  Test anomaly rate: 0.049
Variant: full  (use_swse=True, use_mswea=True)
Fusionformer params: 3,437,304
Discriminator params: 600,449

Training 15 epochs with paper-matched hyperparameters:
  d_model=252, n_heads=6, L_seg=4, T=96, tau=24
  epoch  1/15  pred_MSE=0.1231  D_loss=nan  F_loss=0.1231
  epoch  2/15  pred_MSE=0.1052  D_loss=nan  F_loss=0.1052
  epoch  3/15  pred_MSE=0.1011  D_loss=nan  F_loss=0.1011
  epoch  4/15  pred_MSE=0.0985  D_loss=nan  F_loss=0.0985
  epoch  5/15  pred_MSE=0.0961  D_loss=nan  F_loss=0.0961
  epoch  6/15  pred_MSE=0.0940  D_loss=nan  F_loss=0.0940
  epoch  7/15  pred_MSE=0.0922  D_loss=nan  F_loss=0.0922
  epoch  8/15  pred_MSE=0.0903  D_loss=nan  F_loss=0.0903
  epoch  9/15  pred_MSE=0.0883  D_loss=nan  F_loss=0.0883
  epoch 10/15  pred_MSE=0.0866  D_loss=nan  F_loss=0.0866
  epoch 11/15  pred_MSE=0.0848  D_loss=nan  F_loss=0.0848
  epoch 12/15  pred_MSE=0.0828  D_loss=nan  F_loss=0.0828
  epoch 13/15  pred_MSE=0.0812  D_loss=nan  F_loss=0.0812
  epoch 14/15  pred_MSE=0.0795  D_loss=nan  F_loss=0.0795
  epoch 15/15  pred_MSE=0.0779  D_loss=nan  F_loss=0.0779
Training took 78.1 min

Scoring test set via forecast error...

FAITHFUL FUSIONFORMER RESULTS (per Wang et al. 2025)
==============================================================
Dataset: smd machine-2-1
Model: Fusionformer forecasting (T=96, tau=24), seed=0
Hyperparameters (paper-matched): d_model=252, n_heads=6, L_seg=4, N_enc=1, N_dec=1
Fusionformer params: 3,437,304, Discriminator params: 600,449
Training: 15 epochs, batch 64, lr_F=0.00015, lr_D=7.5e-05, adv weight=0.0
Wall-clock: 78.1 min on mps

Test AUROC: 0.7980
Test PR-AUC: 0.2973
Test anomaly rate: 0.049
==============================================================

Saved: notes/ff_true_full_smd_machine-2-1_seed0.txt
