Device: mps, seed: 0
Dataset: skab 0
  Train shape: (573, 8), Test shape: (1147, 8)
  Test anomaly rate: 0.350
Variant: full  (use_swse=True, use_mswea=True)
Effective batch size: 64
Fusionformer params: 3,255,864
Discriminator params: 139,649

Training 15 epochs with paper-matched hyperparameters:
  d_model=252, n_heads=6, L_seg=4, T=96, tau=24
  epoch  1/15  pred_MSE=0.4037  D_loss=nan  F_loss=0.4037
  epoch  2/15  pred_MSE=0.3329  D_loss=nan  F_loss=0.3329
  epoch  3/15  pred_MSE=0.3083  D_loss=nan  F_loss=0.3083
  epoch  4/15  pred_MSE=0.2987  D_loss=nan  F_loss=0.2987
  epoch  5/15  pred_MSE=0.2897  D_loss=nan  F_loss=0.2897
  epoch  6/15  pred_MSE=0.2887  D_loss=nan  F_loss=0.2887
  epoch  7/15  pred_MSE=0.2821  D_loss=nan  F_loss=0.2821
  epoch  8/15  pred_MSE=0.2812  D_loss=nan  F_loss=0.2812
  epoch  9/15  pred_MSE=0.2824  D_loss=nan  F_loss=0.2824
  epoch 10/15  pred_MSE=0.2745  D_loss=nan  F_loss=0.2745
  epoch 11/15  pred_MSE=0.2693  D_loss=nan  F_loss=0.2693
  epoch 12/15  pred_MSE=0.2676  D_loss=nan  F_loss=0.2676
  epoch 13/15  pred_MSE=0.2614  D_loss=nan  F_loss=0.2614
  epoch 14/15  pred_MSE=0.2543  D_loss=nan  F_loss=0.2543
  epoch 15/15  pred_MSE=0.2573  D_loss=nan  F_loss=0.2573
Training took 0.3 min

Scoring test set via forecast error...

FAITHFUL FUSIONFORMER RESULTS (per Wang et al. 2025)
==============================================================
Dataset: skab 0
Model: Fusionformer forecasting (T=96, tau=24), seed=0
Hyperparameters (paper-matched): d_model=252, n_heads=6, L_seg=4, N_enc=1, N_dec=1
Fusionformer params: 3,255,864, Discriminator params: 139,649
Training: 15 epochs, batch 64, lr_F=0.00015, lr_D=7.5e-05, adv weight=0.0
Wall-clock: 0.3 min on mps

Test AUROC: 0.8613
Test PR-AUC: 0.7483
Test anomaly rate: 0.350
==============================================================

Saved: notes/ff_true_full_skab_0_seed0.txt
