Device: mps, seed: 0
Dataset: skab 1
  Train shape: (572, 8), Test shape: (1145, 8)
  Test anomaly rate: 0.351
Variant: full  (use_swse=True, use_mswea=True)
Effective batch size: 64
Fusionformer params: 3,255,864
Discriminator params: 139,649

Training 15 epochs with paper-matched hyperparameters:
  d_model=252, n_heads=6, L_seg=4, T=96, tau=24
  epoch  1/15  pred_MSE=0.4289  D_loss=nan  F_loss=0.4289
  epoch  2/15  pred_MSE=0.3579  D_loss=nan  F_loss=0.3579
  epoch  3/15  pred_MSE=0.3291  D_loss=nan  F_loss=0.3291
  epoch  4/15  pred_MSE=0.3211  D_loss=nan  F_loss=0.3211
  epoch  5/15  pred_MSE=0.3134  D_loss=nan  F_loss=0.3134
  epoch  6/15  pred_MSE=0.3078  D_loss=nan  F_loss=0.3078
  epoch  7/15  pred_MSE=0.2986  D_loss=nan  F_loss=0.2986
  epoch  8/15  pred_MSE=0.2954  D_loss=nan  F_loss=0.2954
  epoch  9/15  pred_MSE=0.2891  D_loss=nan  F_loss=0.2891
  epoch 10/15  pred_MSE=0.2932  D_loss=nan  F_loss=0.2932
  epoch 11/15  pred_MSE=0.2788  D_loss=nan  F_loss=0.2788
  epoch 12/15  pred_MSE=0.2784  D_loss=nan  F_loss=0.2784
  epoch 13/15  pred_MSE=0.2742  D_loss=nan  F_loss=0.2742
  epoch 14/15  pred_MSE=0.2685  D_loss=nan  F_loss=0.2685
  epoch 15/15  pred_MSE=0.2665  D_loss=nan  F_loss=0.2665
Training took 0.3 min

Scoring test set via forecast error...

FAITHFUL FUSIONFORMER RESULTS (per Wang et al. 2025)
==============================================================
Dataset: skab 1
Model: Fusionformer forecasting (T=96, tau=24), seed=0
Hyperparameters (paper-matched): d_model=252, n_heads=6, L_seg=4, N_enc=1, N_dec=1
Fusionformer params: 3,255,864, Discriminator params: 139,649
Training: 15 epochs, batch 64, lr_F=0.00015, lr_D=7.5e-05, adv weight=0.0
Wall-clock: 0.3 min on mps

Test AUROC: 0.8605
Test PR-AUC: 0.6155
Test anomaly rate: 0.351
==============================================================

Saved: notes/ff_true_full_skab_1_seed0.txt
