Device: mps, seed: 42
Dataset: smd machine-2-1
  Train shape: (23693, 38), Test shape: (23694, 38)
  Test anomaly rate: 0.049
Variant: full  (use_swse=True, use_mswea=True)
Fusionformer params: 3,437,304
Discriminator params: 600,449

Training 15 epochs with paper-matched hyperparameters:
  d_model=252, n_heads=6, L_seg=4, T=96, tau=24
  epoch  1/15  pred_MSE=0.1238  D_loss=nan  F_loss=0.1238
  epoch  2/15  pred_MSE=0.1063  D_loss=nan  F_loss=0.1063
  epoch  3/15  pred_MSE=0.1019  D_loss=nan  F_loss=0.1019
  epoch  4/15  pred_MSE=0.0991  D_loss=nan  F_loss=0.0991
  epoch  5/15  pred_MSE=0.0969  D_loss=nan  F_loss=0.0969
  epoch  6/15  pred_MSE=0.0952  D_loss=nan  F_loss=0.0952
  epoch  7/15  pred_MSE=0.0934  D_loss=nan  F_loss=0.0934
  epoch  8/15  pred_MSE=0.0914  D_loss=nan  F_loss=0.0914
  epoch  9/15  pred_MSE=0.0898  D_loss=nan  F_loss=0.0898
  epoch 10/15  pred_MSE=0.0880  D_loss=nan  F_loss=0.0880
  epoch 11/15  pred_MSE=0.0861  D_loss=nan  F_loss=0.0861
  epoch 12/15  pred_MSE=0.0845  D_loss=nan  F_loss=0.0845
  epoch 13/15  pred_MSE=0.0828  D_loss=nan  F_loss=0.0828
  epoch 14/15  pred_MSE=0.0813  D_loss=nan  F_loss=0.0813
  epoch 15/15  pred_MSE=0.0795  D_loss=nan  F_loss=0.0795
Training took 77.8 min

Scoring test set via forecast error...

FAITHFUL FUSIONFORMER RESULTS (per Wang et al. 2025)
==============================================================
Dataset: smd machine-2-1
Model: Fusionformer forecasting (T=96, tau=24), seed=42
Hyperparameters (paper-matched): d_model=252, n_heads=6, L_seg=4, N_enc=1, N_dec=1
Fusionformer params: 3,437,304, Discriminator params: 600,449
Training: 15 epochs, batch 64, lr_F=0.00015, lr_D=7.5e-05, adv weight=0.0
Wall-clock: 77.8 min on mps

Test AUROC: 0.8005
Test PR-AUC: 0.2938
Test anomaly rate: 0.049
==============================================================

Saved: notes/ff_true_full_smd_machine-2-1_seed42.txt
