Device: mps, seed: 1
Dataset: skab 0
  Train shape: (573, 8), Test shape: (1147, 8)
  Test anomaly rate: 0.350
Variant: full  (use_swse=True, use_mswea=True)
Effective batch size: 64
Fusionformer params: 3,255,864
Discriminator params: 139,649

Training 15 epochs with paper-matched hyperparameters:
  d_model=252, n_heads=6, L_seg=4, T=96, tau=24
  epoch  1/15  pred_MSE=0.4013  D_loss=nan  F_loss=0.4013
  epoch  2/15  pred_MSE=0.3270  D_loss=nan  F_loss=0.3270
  epoch  3/15  pred_MSE=0.3105  D_loss=nan  F_loss=0.3105
  epoch  4/15  pred_MSE=0.2983  D_loss=nan  F_loss=0.2983
  epoch  5/15  pred_MSE=0.2909  D_loss=nan  F_loss=0.2909
  epoch  6/15  pred_MSE=0.2864  D_loss=nan  F_loss=0.2864
  epoch  7/15  pred_MSE=0.2810  D_loss=nan  F_loss=0.2810
  epoch  8/15  pred_MSE=0.2766  D_loss=nan  F_loss=0.2766
  epoch  9/15  pred_MSE=0.2798  D_loss=nan  F_loss=0.2798
  epoch 10/15  pred_MSE=0.2765  D_loss=nan  F_loss=0.2765
  epoch 11/15  pred_MSE=0.2678  D_loss=nan  F_loss=0.2678
  epoch 12/15  pred_MSE=0.2650  D_loss=nan  F_loss=0.2650
  epoch 13/15  pred_MSE=0.2667  D_loss=nan  F_loss=0.2667
  epoch 14/15  pred_MSE=0.2602  D_loss=nan  F_loss=0.2602
  epoch 15/15  pred_MSE=0.2519  D_loss=nan  F_loss=0.2519
Training took 0.3 min

Scoring test set via forecast error...

FAITHFUL FUSIONFORMER RESULTS (per Wang et al. 2025)
==============================================================
Dataset: skab 0
Model: Fusionformer forecasting (T=96, tau=24), seed=1
Hyperparameters (paper-matched): d_model=252, n_heads=6, L_seg=4, N_enc=1, N_dec=1
Fusionformer params: 3,255,864, Discriminator params: 139,649
Training: 15 epochs, batch 64, lr_F=0.00015, lr_D=7.5e-05, adv weight=0.0
Wall-clock: 0.3 min on mps

Test AUROC: 0.8619
Test PR-AUC: 0.7524
Test anomaly rate: 0.350
==============================================================

Saved: notes/ff_true_full_skab_0_seed1.txt
