Device: mps, seed: 42
Dataset: skab 0
  Train shape: (573, 8), Test shape: (1147, 8)
  Test anomaly rate: 0.350
Variant: full  (use_swse=True, use_mswea=True)
Effective batch size: 64
Fusionformer params: 3,255,864
Discriminator params: 139,649

Training 15 epochs with paper-matched hyperparameters:
  d_model=252, n_heads=6, L_seg=4, T=96, tau=24
  epoch  1/15  pred_MSE=0.3980  D_loss=nan  F_loss=0.3980
  epoch  2/15  pred_MSE=0.3252  D_loss=nan  F_loss=0.3252
  epoch  3/15  pred_MSE=0.3116  D_loss=nan  F_loss=0.3116
  epoch  4/15  pred_MSE=0.2979  D_loss=nan  F_loss=0.2979
  epoch  5/15  pred_MSE=0.2919  D_loss=nan  F_loss=0.2919
  epoch  6/15  pred_MSE=0.2935  D_loss=nan  F_loss=0.2935
  epoch  7/15  pred_MSE=0.2853  D_loss=nan  F_loss=0.2853
  epoch  8/15  pred_MSE=0.2764  D_loss=nan  F_loss=0.2764
  epoch  9/15  pred_MSE=0.2794  D_loss=nan  F_loss=0.2794
  epoch 10/15  pred_MSE=0.2729  D_loss=nan  F_loss=0.2729
  epoch 11/15  pred_MSE=0.2679  D_loss=nan  F_loss=0.2679
  epoch 12/15  pred_MSE=0.2653  D_loss=nan  F_loss=0.2653
  epoch 13/15  pred_MSE=0.2632  D_loss=nan  F_loss=0.2632
  epoch 14/15  pred_MSE=0.2593  D_loss=nan  F_loss=0.2593
  epoch 15/15  pred_MSE=0.2513  D_loss=nan  F_loss=0.2513
Training took 0.3 min

Scoring test set via forecast error...

FAITHFUL FUSIONFORMER RESULTS (per Wang et al. 2025)
==============================================================
Dataset: skab 0
Model: Fusionformer forecasting (T=96, tau=24), seed=42
Hyperparameters (paper-matched): d_model=252, n_heads=6, L_seg=4, N_enc=1, N_dec=1
Fusionformer params: 3,255,864, Discriminator params: 139,649
Training: 15 epochs, batch 64, lr_F=0.00015, lr_D=7.5e-05, adv weight=0.0
Wall-clock: 0.3 min on mps

Test AUROC: 0.8655
Test PR-AUC: 0.7591
Test anomaly rate: 0.350
==============================================================

Saved: notes/ff_true_full_skab_0_seed42.txt
