Device: mps, seed: 42
Dataset: smd machine-1-1
  Train shape: (28479, 38), Test shape: (28479, 38)
  Test anomaly rate: 0.095
Variant: full  (use_swse=True, use_mswea=True)
Fusionformer params: 3,437,304
Discriminator params: 600,449

Training 15 epochs with paper-matched hyperparameters:
  d_model=252, n_heads=6, L_seg=4, T=96, tau=24
  epoch  1/15  pred_MSE=0.0884  D_loss=nan  F_loss=0.0884
  epoch  2/15  pred_MSE=0.0695  D_loss=nan  F_loss=0.0695
  epoch  3/15  pred_MSE=0.0667  D_loss=nan  F_loss=0.0667
  epoch  4/15  pred_MSE=0.0641  D_loss=nan  F_loss=0.0641
  epoch  5/15  pred_MSE=0.0632  D_loss=nan  F_loss=0.0632
  epoch  6/15  pred_MSE=0.0616  D_loss=nan  F_loss=0.0616
  epoch  7/15  pred_MSE=0.0607  D_loss=nan  F_loss=0.0607
  epoch  8/15  pred_MSE=0.0598  D_loss=nan  F_loss=0.0598
  epoch  9/15  pred_MSE=0.0593  D_loss=nan  F_loss=0.0593
  epoch 10/15  pred_MSE=0.0584  D_loss=nan  F_loss=0.0584
  epoch 11/15  pred_MSE=0.0575  D_loss=nan  F_loss=0.0575
  epoch 12/15  pred_MSE=0.0570  D_loss=nan  F_loss=0.0570
  epoch 13/15  pred_MSE=0.0565  D_loss=nan  F_loss=0.0565
  epoch 14/15  pred_MSE=0.0558  D_loss=nan  F_loss=0.0558
  epoch 15/15  pred_MSE=0.0552  D_loss=nan  F_loss=0.0552
Training took 95.9 min

Scoring test set via forecast error...

FAITHFUL FUSIONFORMER RESULTS (per Wang et al. 2025)
==============================================================
Dataset: smd machine-1-1
Model: Fusionformer forecasting (T=96, tau=24), seed=42
Hyperparameters (paper-matched): d_model=252, n_heads=6, L_seg=4, N_enc=1, N_dec=1
Fusionformer params: 3,437,304, Discriminator params: 600,449
Training: 15 epochs, batch 64, lr_F=0.00015, lr_D=7.5e-05, adv weight=0.0
Wall-clock: 95.9 min on mps

Test AUROC: 0.9389
Test PR-AUC: 0.6659
Test anomaly rate: 0.095
==============================================================

Saved: notes/ff_true_full_smd_machine-1-1_seed42.txt
