Device: mps, seed: 1
Dataset: smd machine-1-1
  Train shape: (28479, 38), Test shape: (28479, 38)
  Test anomaly rate: 0.095
Variant: full  (use_swse=True, use_mswea=True)
Fusionformer params: 3,437,304
Discriminator params: 600,449

Training 15 epochs with paper-matched hyperparameters:
  d_model=252, n_heads=6, L_seg=4, T=96, tau=24
  epoch  1/15  pred_MSE=0.0879  D_loss=nan  F_loss=0.0879
  epoch  2/15  pred_MSE=0.0689  D_loss=nan  F_loss=0.0689
  epoch  3/15  pred_MSE=0.0655  D_loss=nan  F_loss=0.0655
  epoch  4/15  pred_MSE=0.0643  D_loss=nan  F_loss=0.0643
  epoch  5/15  pred_MSE=0.0625  D_loss=nan  F_loss=0.0625
  epoch  6/15  pred_MSE=0.0614  D_loss=nan  F_loss=0.0614
  epoch  7/15  pred_MSE=0.0605  D_loss=nan  F_loss=0.0605
  epoch  8/15  pred_MSE=0.0598  D_loss=nan  F_loss=0.0598
  epoch  9/15  pred_MSE=0.0589  D_loss=nan  F_loss=0.0589
  epoch 10/15  pred_MSE=0.0585  D_loss=nan  F_loss=0.0585
  epoch 11/15  pred_MSE=0.0571  D_loss=nan  F_loss=0.0571
  epoch 12/15  pred_MSE=0.0567  D_loss=nan  F_loss=0.0567
  epoch 13/15  pred_MSE=0.0561  D_loss=nan  F_loss=0.0561
  epoch 14/15  pred_MSE=0.0559  D_loss=nan  F_loss=0.0559
  epoch 15/15  pred_MSE=0.0552  D_loss=nan  F_loss=0.0552
Training took 96.3 min

Scoring test set via forecast error...

FAITHFUL FUSIONFORMER RESULTS (per Wang et al. 2025)
==============================================================
Dataset: smd machine-1-1
Model: Fusionformer forecasting (T=96, tau=24), seed=1
Hyperparameters (paper-matched): d_model=252, n_heads=6, L_seg=4, N_enc=1, N_dec=1
Fusionformer params: 3,437,304, Discriminator params: 600,449
Training: 15 epochs, batch 64, lr_F=0.00015, lr_D=7.5e-05, adv weight=0.0
Wall-clock: 96.3 min on mps

Test AUROC: 0.9377
Test PR-AUC: 0.6652
Test anomaly rate: 0.095
==============================================================

Saved: notes/ff_true_full_smd_machine-1-1_seed1.txt
