Device: mps, seed: 42
Dataset: skab 4
  Train shape: (573, 8), Test shape: (1095, 8)
  Test anomaly rate: 0.319
Variant: full  (use_swse=True, use_mswea=True)
Effective batch size: 64
Fusionformer params: 3,255,864
Discriminator params: 139,649

Training 15 epochs with paper-matched hyperparameters:
  d_model=252, n_heads=6, L_seg=4, T=96, tau=24
  epoch  1/15  pred_MSE=0.4376  D_loss=nan  F_loss=0.4376
  epoch  2/15  pred_MSE=0.3546  D_loss=nan  F_loss=0.3546
  epoch  3/15  pred_MSE=0.3327  D_loss=nan  F_loss=0.3327
  epoch  4/15  pred_MSE=0.3218  D_loss=nan  F_loss=0.3218
  epoch  5/15  pred_MSE=0.3141  D_loss=nan  F_loss=0.3141
  epoch  6/15  pred_MSE=0.3100  D_loss=nan  F_loss=0.3100
  epoch  7/15  pred_MSE=0.3064  D_loss=nan  F_loss=0.3064
  epoch  8/15  pred_MSE=0.2988  D_loss=nan  F_loss=0.2988
  epoch  9/15  pred_MSE=0.2954  D_loss=nan  F_loss=0.2954
  epoch 10/15  pred_MSE=0.2904  D_loss=nan  F_loss=0.2904
  epoch 11/15  pred_MSE=0.2822  D_loss=nan  F_loss=0.2822
  epoch 12/15  pred_MSE=0.2751  D_loss=nan  F_loss=0.2751
  epoch 13/15  pred_MSE=0.2735  D_loss=nan  F_loss=0.2735
  epoch 14/15  pred_MSE=0.2687  D_loss=nan  F_loss=0.2687
  epoch 15/15  pred_MSE=0.2619  D_loss=nan  F_loss=0.2619
Training took 0.3 min

Scoring test set via forecast error...

FAITHFUL FUSIONFORMER RESULTS (per Wang et al. 2025)
==============================================================
Dataset: skab 4
Model: Fusionformer forecasting (T=96, tau=24), seed=42
Hyperparameters (paper-matched): d_model=252, n_heads=6, L_seg=4, N_enc=1, N_dec=1
Fusionformer params: 3,255,864, Discriminator params: 139,649
Training: 15 epochs, batch 64, lr_F=0.00015, lr_D=7.5e-05, adv weight=0.0
Wall-clock: 0.3 min on mps

Test AUROC: 0.8030
Test PR-AUC: 0.4889
Test anomaly rate: 0.319
==============================================================

Saved: notes/ff_true_full_skab_4_seed42.txt
