Device: mps, seed: 0
Dataset: skab 4
  Train shape: (573, 8), Test shape: (1095, 8)
  Test anomaly rate: 0.319
Variant: full  (use_swse=True, use_mswea=True)
Effective batch size: 64
Fusionformer params: 3,255,864
Discriminator params: 139,649

Training 15 epochs with paper-matched hyperparameters:
  d_model=252, n_heads=6, L_seg=4, T=96, tau=24
  epoch  1/15  pred_MSE=0.4366  D_loss=nan  F_loss=0.4366
  epoch  2/15  pred_MSE=0.3598  D_loss=nan  F_loss=0.3598
  epoch  3/15  pred_MSE=0.3378  D_loss=nan  F_loss=0.3378
  epoch  4/15  pred_MSE=0.3267  D_loss=nan  F_loss=0.3267
  epoch  5/15  pred_MSE=0.3205  D_loss=nan  F_loss=0.3205
  epoch  6/15  pred_MSE=0.3078  D_loss=nan  F_loss=0.3078
  epoch  7/15  pred_MSE=0.3058  D_loss=nan  F_loss=0.3058
  epoch  8/15  pred_MSE=0.2998  D_loss=nan  F_loss=0.2998
  epoch  9/15  pred_MSE=0.2962  D_loss=nan  F_loss=0.2962
  epoch 10/15  pred_MSE=0.2897  D_loss=nan  F_loss=0.2897
  epoch 11/15  pred_MSE=0.2861  D_loss=nan  F_loss=0.2861
  epoch 12/15  pred_MSE=0.2821  D_loss=nan  F_loss=0.2821
  epoch 13/15  pred_MSE=0.2750  D_loss=nan  F_loss=0.2750
  epoch 14/15  pred_MSE=0.2719  D_loss=nan  F_loss=0.2719
  epoch 15/15  pred_MSE=0.2655  D_loss=nan  F_loss=0.2655
Training took 0.3 min

Scoring test set via forecast error...

FAITHFUL FUSIONFORMER RESULTS (per Wang et al. 2025)
==============================================================
Dataset: skab 4
Model: Fusionformer forecasting (T=96, tau=24), seed=0
Hyperparameters (paper-matched): d_model=252, n_heads=6, L_seg=4, N_enc=1, N_dec=1
Fusionformer params: 3,255,864, Discriminator params: 139,649
Training: 15 epochs, batch 64, lr_F=0.00015, lr_D=7.5e-05, adv weight=0.0
Wall-clock: 0.3 min on mps

Test AUROC: 0.8054
Test PR-AUC: 0.4927
Test anomaly rate: 0.319
==============================================================

Saved: notes/ff_true_full_skab_4_seed0.txt
