Device: mps, seed: 0
Dataset: skab 2
  Train shape: (566, 8), Test shape: (1075, 8)
  Test anomaly rate: 0.313
Variant: full  (use_swse=True, use_mswea=True)
Effective batch size: 64
Fusionformer params: 3,255,864
Discriminator params: 139,649

Training 15 epochs with paper-matched hyperparameters:
  d_model=252, n_heads=6, L_seg=4, T=96, tau=24
  epoch  1/15  pred_MSE=0.4504  D_loss=nan  F_loss=0.4504
  epoch  2/15  pred_MSE=0.3675  D_loss=nan  F_loss=0.3675
  epoch  3/15  pred_MSE=0.3356  D_loss=nan  F_loss=0.3356
  epoch  4/15  pred_MSE=0.3175  D_loss=nan  F_loss=0.3175
  epoch  5/15  pred_MSE=0.3081  D_loss=nan  F_loss=0.3081
  epoch  6/15  pred_MSE=0.3003  D_loss=nan  F_loss=0.3003
  epoch  7/15  pred_MSE=0.2938  D_loss=nan  F_loss=0.2938
  epoch  8/15  pred_MSE=0.2876  D_loss=nan  F_loss=0.2876
  epoch  9/15  pred_MSE=0.2813  D_loss=nan  F_loss=0.2813
  epoch 10/15  pred_MSE=0.2753  D_loss=nan  F_loss=0.2753
  epoch 11/15  pred_MSE=0.2696  D_loss=nan  F_loss=0.2696
  epoch 12/15  pred_MSE=0.2634  D_loss=nan  F_loss=0.2634
  epoch 13/15  pred_MSE=0.2576  D_loss=nan  F_loss=0.2576
  epoch 14/15  pred_MSE=0.2516  D_loss=nan  F_loss=0.2516
  epoch 15/15  pred_MSE=0.2453  D_loss=nan  F_loss=0.2453
Training took 0.3 min

Scoring test set via forecast error...

FAITHFUL FUSIONFORMER RESULTS (per Wang et al. 2025)
==============================================================
Dataset: skab 2
Model: Fusionformer forecasting (T=96, tau=24), seed=0
Hyperparameters (paper-matched): d_model=252, n_heads=6, L_seg=4, N_enc=1, N_dec=1
Fusionformer params: 3,255,864, Discriminator params: 139,649
Training: 15 epochs, batch 64, lr_F=0.00015, lr_D=7.5e-05, adv weight=0.0
Wall-clock: 0.3 min on mps

Test AUROC: 0.9013
Test PR-AUC: 0.7747
Test anomaly rate: 0.313
==============================================================

Saved: notes/ff_true_full_skab_2_seed0.txt
