Device: mps, seed: 1
Dataset: skab 3
  Train shape: (573, 8), Test shape: (1148, 8)
  Test anomaly rate: 0.352
Variant: full  (use_swse=True, use_mswea=True)
Effective batch size: 64
Fusionformer params: 3,255,864
Discriminator params: 139,649

Training 15 epochs with paper-matched hyperparameters:
  d_model=252, n_heads=6, L_seg=4, T=96, tau=24
  epoch  1/15  pred_MSE=0.4027  D_loss=nan  F_loss=0.4027
  epoch  2/15  pred_MSE=0.3330  D_loss=nan  F_loss=0.3330
  epoch  3/15  pred_MSE=0.3142  D_loss=nan  F_loss=0.3142
  epoch  4/15  pred_MSE=0.3031  D_loss=nan  F_loss=0.3031
  epoch  5/15  pred_MSE=0.2950  D_loss=nan  F_loss=0.2950
  epoch  6/15  pred_MSE=0.2915  D_loss=nan  F_loss=0.2915
  epoch  7/15  pred_MSE=0.2868  D_loss=nan  F_loss=0.2868
  epoch  8/15  pred_MSE=0.2770  D_loss=nan  F_loss=0.2770
  epoch  9/15  pred_MSE=0.2717  D_loss=nan  F_loss=0.2717
  epoch 10/15  pred_MSE=0.2719  D_loss=nan  F_loss=0.2719
  epoch 11/15  pred_MSE=0.2645  D_loss=nan  F_loss=0.2645
  epoch 12/15  pred_MSE=0.2654  D_loss=nan  F_loss=0.2654
  epoch 13/15  pred_MSE=0.2582  D_loss=nan  F_loss=0.2582
  epoch 14/15  pred_MSE=0.2558  D_loss=nan  F_loss=0.2558
  epoch 15/15  pred_MSE=0.2508  D_loss=nan  F_loss=0.2508
Training took 0.3 min

Scoring test set via forecast error...

FAITHFUL FUSIONFORMER RESULTS (per Wang et al. 2025)
==============================================================
Dataset: skab 3
Model: Fusionformer forecasting (T=96, tau=24), seed=1
Hyperparameters (paper-matched): d_model=252, n_heads=6, L_seg=4, N_enc=1, N_dec=1
Fusionformer params: 3,255,864, Discriminator params: 139,649
Training: 15 epochs, batch 64, lr_F=0.00015, lr_D=7.5e-05, adv weight=0.0
Wall-clock: 0.3 min on mps

Test AUROC: 0.9665
Test PR-AUC: 0.9570
Test anomaly rate: 0.352
==============================================================

Saved: notes/ff_true_full_skab_3_seed1.txt
