Device: mps, seed: 42
Dataset: skab 3
  Train shape: (573, 8), Test shape: (1148, 8)
  Test anomaly rate: 0.352
Variant: no_mswea  (use_swse=True, use_mswea=False)
Effective batch size: 64
Fusionformer params: 1,725,216
Discriminator params: 139,649

Training 15 epochs with paper-matched hyperparameters:
  d_model=252, n_heads=6, L_seg=4, T=96, tau=24
  epoch  1/15  pred_MSE=0.3901  D_loss=nan  F_loss=0.3901
  epoch  2/15  pred_MSE=0.3363  D_loss=nan  F_loss=0.3363
  epoch  3/15  pred_MSE=0.3150  D_loss=nan  F_loss=0.3150
  epoch  4/15  pred_MSE=0.3066  D_loss=nan  F_loss=0.3066
  epoch  5/15  pred_MSE=0.3001  D_loss=nan  F_loss=0.3001
  epoch  6/15  pred_MSE=0.2929  D_loss=nan  F_loss=0.2929
  epoch  7/15  pred_MSE=0.2946  D_loss=nan  F_loss=0.2946
  epoch  8/15  pred_MSE=0.2887  D_loss=nan  F_loss=0.2887
  epoch  9/15  pred_MSE=0.2905  D_loss=nan  F_loss=0.2905
  epoch 10/15  pred_MSE=0.2842  D_loss=nan  F_loss=0.2842
  epoch 11/15  pred_MSE=0.2822  D_loss=nan  F_loss=0.2822
  epoch 12/15  pred_MSE=0.2814  D_loss=nan  F_loss=0.2814
  epoch 13/15  pred_MSE=0.2798  D_loss=nan  F_loss=0.2798
  epoch 14/15  pred_MSE=0.2721  D_loss=nan  F_loss=0.2721
  epoch 15/15  pred_MSE=0.2738  D_loss=nan  F_loss=0.2738
Training took 0.2 min

Scoring test set via forecast error...

FAITHFUL FUSIONFORMER RESULTS (per Wang et al. 2025)
==============================================================
Dataset: skab 3
Model: Fusionformer forecasting (T=96, tau=24), seed=42
Hyperparameters (paper-matched): d_model=252, n_heads=6, L_seg=4, N_enc=1, N_dec=1
Fusionformer params: 1,725,216, Discriminator params: 139,649
Training: 15 epochs, batch 64, lr_F=0.00015, lr_D=7.5e-05, adv weight=0.0
Wall-clock: 0.2 min on mps

Test AUROC: 0.9457
Test PR-AUC: 0.9406
Test anomaly rate: 0.352
==============================================================

Saved: notes/ff_true_no_mswea_skab_3_seed42.txt
