Device: mps, seed: 1
Dataset: skab 2
  Train shape: (566, 8), Test shape: (1075, 8)
  Test anomaly rate: 0.313
Variant: no_mswea  (use_swse=True, use_mswea=False)
Effective batch size: 64
Fusionformer params: 1,725,216
Discriminator params: 139,649

Training 15 epochs with paper-matched hyperparameters:
  d_model=252, n_heads=6, L_seg=4, T=96, tau=24
  epoch  1/15  pred_MSE=0.4619  D_loss=nan  F_loss=0.4619
  epoch  2/15  pred_MSE=0.3690  D_loss=nan  F_loss=0.3690
  epoch  3/15  pred_MSE=0.3347  D_loss=nan  F_loss=0.3347
  epoch  4/15  pred_MSE=0.3194  D_loss=nan  F_loss=0.3194
  epoch  5/15  pred_MSE=0.3102  D_loss=nan  F_loss=0.3102
  epoch  6/15  pred_MSE=0.3036  D_loss=nan  F_loss=0.3036
  epoch  7/15  pred_MSE=0.2977  D_loss=nan  F_loss=0.2977
  epoch  8/15  pred_MSE=0.2926  D_loss=nan  F_loss=0.2926
  epoch  9/15  pred_MSE=0.2886  D_loss=nan  F_loss=0.2886
  epoch 10/15  pred_MSE=0.2838  D_loss=nan  F_loss=0.2838
  epoch 11/15  pred_MSE=0.2802  D_loss=nan  F_loss=0.2802
  epoch 12/15  pred_MSE=0.2777  D_loss=nan  F_loss=0.2777
  epoch 13/15  pred_MSE=0.2724  D_loss=nan  F_loss=0.2724
  epoch 14/15  pred_MSE=0.2685  D_loss=nan  F_loss=0.2685
  epoch 15/15  pred_MSE=0.2652  D_loss=nan  F_loss=0.2652
Training took 0.2 min

Scoring test set via forecast error...

FAITHFUL FUSIONFORMER RESULTS (per Wang et al. 2025)
==============================================================
Dataset: skab 2
Model: Fusionformer forecasting (T=96, tau=24), seed=1
Hyperparameters (paper-matched): d_model=252, n_heads=6, L_seg=4, N_enc=1, N_dec=1
Fusionformer params: 1,725,216, Discriminator params: 139,649
Training: 15 epochs, batch 64, lr_F=0.00015, lr_D=7.5e-05, adv weight=0.0
Wall-clock: 0.2 min on mps

Test AUROC: 0.8565
Test PR-AUC: 0.6552
Test anomaly rate: 0.313
==============================================================

Saved: notes/ff_true_no_mswea_skab_2_seed1.txt
