Device: mps, seed: 0
Dataset: skab 3
  Train shape: (573, 8), Test shape: (1148, 8)
  Test anomaly rate: 0.352
Variant: no_mswea  (use_swse=True, use_mswea=False)
Effective batch size: 64
Fusionformer params: 1,725,216
Discriminator params: 139,649

Training 15 epochs with paper-matched hyperparameters:
  d_model=252, n_heads=6, L_seg=4, T=96, tau=24
  epoch  1/15  pred_MSE=0.4023  D_loss=nan  F_loss=0.4023
  epoch  2/15  pred_MSE=0.3392  D_loss=nan  F_loss=0.3392
  epoch  3/15  pred_MSE=0.3160  D_loss=nan  F_loss=0.3160
  epoch  4/15  pred_MSE=0.3142  D_loss=nan  F_loss=0.3142
  epoch  5/15  pred_MSE=0.2970  D_loss=nan  F_loss=0.2970
  epoch  6/15  pred_MSE=0.2929  D_loss=nan  F_loss=0.2929
  epoch  7/15  pred_MSE=0.2942  D_loss=nan  F_loss=0.2942
  epoch  8/15  pred_MSE=0.2875  D_loss=nan  F_loss=0.2875
  epoch  9/15  pred_MSE=0.2866  D_loss=nan  F_loss=0.2866
  epoch 10/15  pred_MSE=0.2805  D_loss=nan  F_loss=0.2805
  epoch 11/15  pred_MSE=0.2813  D_loss=nan  F_loss=0.2813
  epoch 12/15  pred_MSE=0.2777  D_loss=nan  F_loss=0.2777
  epoch 13/15  pred_MSE=0.2747  D_loss=nan  F_loss=0.2747
  epoch 14/15  pred_MSE=0.2750  D_loss=nan  F_loss=0.2750
  epoch 15/15  pred_MSE=0.2722  D_loss=nan  F_loss=0.2722
Training took 0.2 min

Scoring test set via forecast error...

FAITHFUL FUSIONFORMER RESULTS (per Wang et al. 2025)
==============================================================
Dataset: skab 3
Model: Fusionformer forecasting (T=96, tau=24), seed=0
Hyperparameters (paper-matched): d_model=252, n_heads=6, L_seg=4, N_enc=1, N_dec=1
Fusionformer params: 1,725,216, Discriminator params: 139,649
Training: 15 epochs, batch 64, lr_F=0.00015, lr_D=7.5e-05, adv weight=0.0
Wall-clock: 0.2 min on mps

Test AUROC: 0.9541
Test PR-AUC: 0.9498
Test anomaly rate: 0.352
==============================================================

Saved: notes/ff_true_no_mswea_skab_3_seed0.txt
