Device: mps, seed: 1
Dataset: smd machine-2-1
  Train shape: (23693, 38), Test shape: (23694, 38)
  Test anomaly rate: 0.049
Variant: no_mswea  (use_swse=True, use_mswea=False)
Fusionformer params: 1,906,656
Discriminator params: 600,449

Training 15 epochs with paper-matched hyperparameters:
  d_model=252, n_heads=6, L_seg=4, T=96, tau=24
  epoch  1/15  pred_MSE=0.1254  D_loss=nan  F_loss=0.1254
  epoch  2/15  pred_MSE=0.1101  D_loss=nan  F_loss=0.1101
  epoch  3/15  pred_MSE=0.1051  D_loss=nan  F_loss=0.1051
  epoch  4/15  pred_MSE=0.1023  D_loss=nan  F_loss=0.1023
  epoch  5/15  pred_MSE=0.1008  D_loss=nan  F_loss=0.1008
  epoch  6/15  pred_MSE=0.0996  D_loss=nan  F_loss=0.0996
  epoch  7/15  pred_MSE=0.0988  D_loss=nan  F_loss=0.0988
  epoch  8/15  pred_MSE=0.0979  D_loss=nan  F_loss=0.0979
  epoch  9/15  pred_MSE=0.0975  D_loss=nan  F_loss=0.0975
  epoch 10/15  pred_MSE=0.0970  D_loss=nan  F_loss=0.0970
  epoch 11/15  pred_MSE=0.0963  D_loss=nan  F_loss=0.0963
  epoch 12/15  pred_MSE=0.0958  D_loss=nan  F_loss=0.0958
  epoch 13/15  pred_MSE=0.0956  D_loss=nan  F_loss=0.0956
  epoch 14/15  pred_MSE=0.0952  D_loss=nan  F_loss=0.0952
  epoch 15/15  pred_MSE=0.0947  D_loss=nan  F_loss=0.0947
Training took 38.0 min

Scoring test set via forecast error...

FAITHFUL FUSIONFORMER RESULTS (per Wang et al. 2025)
==============================================================
Dataset: smd machine-2-1
Model: Fusionformer forecasting (T=96, tau=24), seed=1
Hyperparameters (paper-matched): d_model=252, n_heads=6, L_seg=4, N_enc=1, N_dec=1
Fusionformer params: 1,906,656, Discriminator params: 600,449
Training: 15 epochs, batch 64, lr_F=0.00015, lr_D=7.5e-05, adv weight=0.0
Wall-clock: 38.0 min on mps

Test AUROC: 0.7858
Test PR-AUC: 0.2892
Test anomaly rate: 0.049
==============================================================

Saved: notes/ff_true_no_mswea_smd_machine-2-1_seed1.txt
