Device: mps, seed: 42
Dataset: smd machine-2-1
  Train shape: (23693, 38), Test shape: (23694, 38)
  Test anomaly rate: 0.049
Variant: no_mswea  (use_swse=True, use_mswea=False)
Fusionformer params: 1,906,656
Discriminator params: 600,449

Training 15 epochs with paper-matched hyperparameters:
  d_model=252, n_heads=6, L_seg=4, T=96, tau=24
  epoch  1/15  pred_MSE=0.1263  D_loss=nan  F_loss=0.1263
  epoch  2/15  pred_MSE=0.1097  D_loss=nan  F_loss=0.1097
  epoch  3/15  pred_MSE=0.1044  D_loss=nan  F_loss=0.1044
  epoch  4/15  pred_MSE=0.1020  D_loss=nan  F_loss=0.1020
  epoch  5/15  pred_MSE=0.1007  D_loss=nan  F_loss=0.1007
  epoch  6/15  pred_MSE=0.0997  D_loss=nan  F_loss=0.0997
  epoch  7/15  pred_MSE=0.0987  D_loss=nan  F_loss=0.0987
  epoch  8/15  pred_MSE=0.0980  D_loss=nan  F_loss=0.0980
  epoch  9/15  pred_MSE=0.0976  D_loss=nan  F_loss=0.0976
  epoch 10/15  pred_MSE=0.0969  D_loss=nan  F_loss=0.0969
  epoch 11/15  pred_MSE=0.0964  D_loss=nan  F_loss=0.0964
  epoch 12/15  pred_MSE=0.0960  D_loss=nan  F_loss=0.0960
  epoch 13/15  pred_MSE=0.0955  D_loss=nan  F_loss=0.0955
  epoch 14/15  pred_MSE=0.0952  D_loss=nan  F_loss=0.0952
  epoch 15/15  pred_MSE=0.0947  D_loss=nan  F_loss=0.0947
Training took 38.0 min

Scoring test set via forecast error...

FAITHFUL FUSIONFORMER RESULTS (per Wang et al. 2025)
==============================================================
Dataset: smd machine-2-1
Model: Fusionformer forecasting (T=96, tau=24), seed=42
Hyperparameters (paper-matched): d_model=252, n_heads=6, L_seg=4, N_enc=1, N_dec=1
Fusionformer params: 1,906,656, Discriminator params: 600,449
Training: 15 epochs, batch 64, lr_F=0.00015, lr_D=7.5e-05, adv weight=0.0
Wall-clock: 38.0 min on mps

Test AUROC: 0.7836
Test PR-AUC: 0.2878
Test anomaly rate: 0.049
==============================================================

Saved: notes/ff_true_no_mswea_smd_machine-2-1_seed42.txt
