Device: mps, seed: 42
Dataset: skab 0
  Train shape: (573, 8), Test shape: (1147, 8)
  Test anomaly rate: 0.350
Variant: no_mswea  (use_swse=True, use_mswea=False)
Effective batch size: 64
Fusionformer params: 1,725,216
Discriminator params: 139,649

Training 15 epochs with paper-matched hyperparameters:
  d_model=252, n_heads=6, L_seg=4, T=96, tau=24
  epoch  1/15  pred_MSE=0.3888  D_loss=nan  F_loss=0.3888
  epoch  2/15  pred_MSE=0.3262  D_loss=nan  F_loss=0.3262
  epoch  3/15  pred_MSE=0.3129  D_loss=nan  F_loss=0.3129
  epoch  4/15  pred_MSE=0.2982  D_loss=nan  F_loss=0.2982
  epoch  5/15  pred_MSE=0.2958  D_loss=nan  F_loss=0.2958
  epoch  6/15  pred_MSE=0.2925  D_loss=nan  F_loss=0.2925
  epoch  7/15  pred_MSE=0.2852  D_loss=nan  F_loss=0.2852
  epoch  8/15  pred_MSE=0.2888  D_loss=nan  F_loss=0.2888
  epoch  9/15  pred_MSE=0.2891  D_loss=nan  F_loss=0.2891
  epoch 10/15  pred_MSE=0.2865  D_loss=nan  F_loss=0.2865
  epoch 11/15  pred_MSE=0.2777  D_loss=nan  F_loss=0.2777
  epoch 12/15  pred_MSE=0.2811  D_loss=nan  F_loss=0.2811
  epoch 13/15  pred_MSE=0.2792  D_loss=nan  F_loss=0.2792
  epoch 14/15  pred_MSE=0.2760  D_loss=nan  F_loss=0.2760
  epoch 15/15  pred_MSE=0.2732  D_loss=nan  F_loss=0.2732
Training took 0.2 min

Scoring test set via forecast error...

FAITHFUL FUSIONFORMER RESULTS (per Wang et al. 2025)
==============================================================
Dataset: skab 0
Model: Fusionformer forecasting (T=96, tau=24), seed=42
Hyperparameters (paper-matched): d_model=252, n_heads=6, L_seg=4, N_enc=1, N_dec=1
Fusionformer params: 1,725,216, Discriminator params: 139,649
Training: 15 epochs, batch 64, lr_F=0.00015, lr_D=7.5e-05, adv weight=0.0
Wall-clock: 0.2 min on mps

Test AUROC: 0.8526
Test PR-AUC: 0.7235
Test anomaly rate: 0.350
==============================================================

Saved: notes/ff_true_no_mswea_skab_0_seed42.txt
