Device: mps, seed: 0
Dataset: skab 1
  Train shape: (572, 8), Test shape: (1145, 8)
  Test anomaly rate: 0.351
Variant: no_mswea  (use_swse=True, use_mswea=False)
Effective batch size: 64
Fusionformer params: 1,725,216
Discriminator params: 139,649

Training 15 epochs with paper-matched hyperparameters:
  d_model=252, n_heads=6, L_seg=4, T=96, tau=24
  epoch  1/15  pred_MSE=0.4279  D_loss=nan  F_loss=0.4279
  epoch  2/15  pred_MSE=0.3621  D_loss=nan  F_loss=0.3621
  epoch  3/15  pred_MSE=0.3349  D_loss=nan  F_loss=0.3349
  epoch  4/15  pred_MSE=0.3272  D_loss=nan  F_loss=0.3272
  epoch  5/15  pred_MSE=0.3171  D_loss=nan  F_loss=0.3171
  epoch  6/15  pred_MSE=0.3127  D_loss=nan  F_loss=0.3127
  epoch  7/15  pred_MSE=0.3086  D_loss=nan  F_loss=0.3086
  epoch  8/15  pred_MSE=0.3023  D_loss=nan  F_loss=0.3023
  epoch  9/15  pred_MSE=0.2997  D_loss=nan  F_loss=0.2997
  epoch 10/15  pred_MSE=0.2964  D_loss=nan  F_loss=0.2964
  epoch 11/15  pred_MSE=0.2911  D_loss=nan  F_loss=0.2911
  epoch 12/15  pred_MSE=0.2892  D_loss=nan  F_loss=0.2892
  epoch 13/15  pred_MSE=0.2883  D_loss=nan  F_loss=0.2883
  epoch 14/15  pred_MSE=0.2893  D_loss=nan  F_loss=0.2893
  epoch 15/15  pred_MSE=0.2879  D_loss=nan  F_loss=0.2879
Training took 0.2 min

Scoring test set via forecast error...

FAITHFUL FUSIONFORMER RESULTS (per Wang et al. 2025)
==============================================================
Dataset: skab 1
Model: Fusionformer forecasting (T=96, tau=24), seed=0
Hyperparameters (paper-matched): d_model=252, n_heads=6, L_seg=4, N_enc=1, N_dec=1
Fusionformer params: 1,725,216, Discriminator params: 139,649
Training: 15 epochs, batch 64, lr_F=0.00015, lr_D=7.5e-05, adv weight=0.0
Wall-clock: 0.2 min on mps

Test AUROC: 0.8616
Test PR-AUC: 0.6171
Test anomaly rate: 0.351
==============================================================

Saved: notes/ff_true_no_mswea_skab_1_seed0.txt
