Device: mps, seed: 1
Dataset: skab 0
  Train shape: (573, 8), Test shape: (1147, 8)
  Test anomaly rate: 0.350
Variant: no_mswea  (use_swse=True, use_mswea=False)
Effective batch size: 64
Fusionformer params: 1,725,216
Discriminator params: 139,649

Training 15 epochs with paper-matched hyperparameters:
  d_model=252, n_heads=6, L_seg=4, T=96, tau=24
  epoch  1/15  pred_MSE=0.4155  D_loss=nan  F_loss=0.4155
  epoch  2/15  pred_MSE=0.3295  D_loss=nan  F_loss=0.3295
  epoch  3/15  pred_MSE=0.3104  D_loss=nan  F_loss=0.3104
  epoch  4/15  pred_MSE=0.3005  D_loss=nan  F_loss=0.3005
  epoch  5/15  pred_MSE=0.2972  D_loss=nan  F_loss=0.2972
  epoch  6/15  pred_MSE=0.2937  D_loss=nan  F_loss=0.2937
  epoch  7/15  pred_MSE=0.2882  D_loss=nan  F_loss=0.2882
  epoch  8/15  pred_MSE=0.2903  D_loss=nan  F_loss=0.2903
  epoch  9/15  pred_MSE=0.2889  D_loss=nan  F_loss=0.2889
  epoch 10/15  pred_MSE=0.2822  D_loss=nan  F_loss=0.2822
  epoch 11/15  pred_MSE=0.2819  D_loss=nan  F_loss=0.2819
  epoch 12/15  pred_MSE=0.2797  D_loss=nan  F_loss=0.2797
  epoch 13/15  pred_MSE=0.2791  D_loss=nan  F_loss=0.2791
  epoch 14/15  pred_MSE=0.2766  D_loss=nan  F_loss=0.2766
  epoch 15/15  pred_MSE=0.2698  D_loss=nan  F_loss=0.2698
Training took 0.2 min

Scoring test set via forecast error...

FAITHFUL FUSIONFORMER RESULTS (per Wang et al. 2025)
==============================================================
Dataset: skab 0
Model: Fusionformer forecasting (T=96, tau=24), seed=1
Hyperparameters (paper-matched): d_model=252, n_heads=6, L_seg=4, N_enc=1, N_dec=1
Fusionformer params: 1,725,216, Discriminator params: 139,649
Training: 15 epochs, batch 64, lr_F=0.00015, lr_D=7.5e-05, adv weight=0.0
Wall-clock: 0.2 min on mps

Test AUROC: 0.8502
Test PR-AUC: 0.7199
Test anomaly rate: 0.350
==============================================================

Saved: notes/ff_true_no_mswea_skab_0_seed1.txt
