Device: mps, seed: 42
Dataset: skab 1
  Train shape: (572, 8), Test shape: (1145, 8)
  Test anomaly rate: 0.351
Variant: no_mswea  (use_swse=True, use_mswea=False)
Effective batch size: 64
Fusionformer params: 1,725,216
Discriminator params: 139,649

Training 15 epochs with paper-matched hyperparameters:
  d_model=252, n_heads=6, L_seg=4, T=96, tau=24
  epoch  1/15  pred_MSE=0.4169  D_loss=nan  F_loss=0.4169
  epoch  2/15  pred_MSE=0.3571  D_loss=nan  F_loss=0.3571
  epoch  3/15  pred_MSE=0.3389  D_loss=nan  F_loss=0.3389
  epoch  4/15  pred_MSE=0.3278  D_loss=nan  F_loss=0.3278
  epoch  5/15  pred_MSE=0.3238  D_loss=nan  F_loss=0.3238
  epoch  6/15  pred_MSE=0.3140  D_loss=nan  F_loss=0.3140
  epoch  7/15  pred_MSE=0.3047  D_loss=nan  F_loss=0.3047
  epoch  8/15  pred_MSE=0.3106  D_loss=nan  F_loss=0.3106
  epoch  9/15  pred_MSE=0.2963  D_loss=nan  F_loss=0.2963
  epoch 10/15  pred_MSE=0.2960  D_loss=nan  F_loss=0.2960
  epoch 11/15  pred_MSE=0.2935  D_loss=nan  F_loss=0.2935
  epoch 12/15  pred_MSE=0.2949  D_loss=nan  F_loss=0.2949
  epoch 13/15  pred_MSE=0.2879  D_loss=nan  F_loss=0.2879
  epoch 14/15  pred_MSE=0.2857  D_loss=nan  F_loss=0.2857
  epoch 15/15  pred_MSE=0.2856  D_loss=nan  F_loss=0.2856
Training took 0.2 min

Scoring test set via forecast error...

FAITHFUL FUSIONFORMER RESULTS (per Wang et al. 2025)
==============================================================
Dataset: skab 1
Model: Fusionformer forecasting (T=96, tau=24), seed=42
Hyperparameters (paper-matched): d_model=252, n_heads=6, L_seg=4, N_enc=1, N_dec=1
Fusionformer params: 1,725,216, Discriminator params: 139,649
Training: 15 epochs, batch 64, lr_F=0.00015, lr_D=7.5e-05, adv weight=0.0
Wall-clock: 0.2 min on mps

Test AUROC: 0.8608
Test PR-AUC: 0.6156
Test anomaly rate: 0.351
==============================================================

Saved: notes/ff_true_no_mswea_skab_1_seed42.txt
