Device: mps, seed: 42
Dataset: skab 2
  Train shape: (566, 8), Test shape: (1075, 8)
  Test anomaly rate: 0.313
Variant: no_mswea  (use_swse=True, use_mswea=False)
Effective batch size: 64
Fusionformer params: 1,725,216
Discriminator params: 139,649

Training 15 epochs with paper-matched hyperparameters:
  d_model=252, n_heads=6, L_seg=4, T=96, tau=24
  epoch  1/15  pred_MSE=0.4316  D_loss=nan  F_loss=0.4316
  epoch  2/15  pred_MSE=0.3605  D_loss=nan  F_loss=0.3605
  epoch  3/15  pred_MSE=0.3343  D_loss=nan  F_loss=0.3343
  epoch  4/15  pred_MSE=0.3216  D_loss=nan  F_loss=0.3216
  epoch  5/15  pred_MSE=0.3133  D_loss=nan  F_loss=0.3133
  epoch  6/15  pred_MSE=0.3073  D_loss=nan  F_loss=0.3073
  epoch  7/15  pred_MSE=0.3004  D_loss=nan  F_loss=0.3004
  epoch  8/15  pred_MSE=0.2947  D_loss=nan  F_loss=0.2947
  epoch  9/15  pred_MSE=0.2902  D_loss=nan  F_loss=0.2902
  epoch 10/15  pred_MSE=0.2860  D_loss=nan  F_loss=0.2860
  epoch 11/15  pred_MSE=0.2813  D_loss=nan  F_loss=0.2813
  epoch 12/15  pred_MSE=0.2774  D_loss=nan  F_loss=0.2774
  epoch 13/15  pred_MSE=0.2750  D_loss=nan  F_loss=0.2750
  epoch 14/15  pred_MSE=0.2699  D_loss=nan  F_loss=0.2699
  epoch 15/15  pred_MSE=0.2660  D_loss=nan  F_loss=0.2660
Training took 0.2 min

Scoring test set via forecast error...

FAITHFUL FUSIONFORMER RESULTS (per Wang et al. 2025)
==============================================================
Dataset: skab 2
Model: Fusionformer forecasting (T=96, tau=24), seed=42
Hyperparameters (paper-matched): d_model=252, n_heads=6, L_seg=4, N_enc=1, N_dec=1
Fusionformer params: 1,725,216, Discriminator params: 139,649
Training: 15 epochs, batch 64, lr_F=0.00015, lr_D=7.5e-05, adv weight=0.0
Wall-clock: 0.2 min on mps

Test AUROC: 0.8625
Test PR-AUC: 0.6540
Test anomaly rate: 0.313
==============================================================

Saved: notes/ff_true_no_mswea_skab_2_seed42.txt
