Device: mps, seed: 1
Dataset: smd machine-1-1
  Train shape: (28479, 38), Test shape: (28479, 38)
  Test anomaly rate: 0.095
Variant: no_mswea  (use_swse=True, use_mswea=False)
Fusionformer params: 1,906,656
Discriminator params: 600,449

Training 15 epochs with paper-matched hyperparameters:
  d_model=252, n_heads=6, L_seg=4, T=96, tau=24
  epoch  1/15  pred_MSE=0.0900  D_loss=nan  F_loss=0.0900
  epoch  2/15  pred_MSE=0.0709  D_loss=nan  F_loss=0.0709
  epoch  3/15  pred_MSE=0.0671  D_loss=nan  F_loss=0.0671
  epoch  4/15  pred_MSE=0.0656  D_loss=nan  F_loss=0.0656
  epoch  5/15  pred_MSE=0.0649  D_loss=nan  F_loss=0.0649
  epoch  6/15  pred_MSE=0.0638  D_loss=nan  F_loss=0.0638
  epoch  7/15  pred_MSE=0.0633  D_loss=nan  F_loss=0.0633
  epoch  8/15  pred_MSE=0.0630  D_loss=nan  F_loss=0.0630
  epoch  9/15  pred_MSE=0.0623  D_loss=nan  F_loss=0.0623
  epoch 10/15  pred_MSE=0.0619  D_loss=nan  F_loss=0.0619
  epoch 11/15  pred_MSE=0.0618  D_loss=nan  F_loss=0.0618
  epoch 12/15  pred_MSE=0.0614  D_loss=nan  F_loss=0.0614
  epoch 13/15  pred_MSE=0.0608  D_loss=nan  F_loss=0.0608
  epoch 14/15  pred_MSE=0.0606  D_loss=nan  F_loss=0.0606
  epoch 15/15  pred_MSE=0.0604  D_loss=nan  F_loss=0.0604
Training took 45.7 min

Scoring test set via forecast error...

FAITHFUL FUSIONFORMER RESULTS (per Wang et al. 2025)
==============================================================
Dataset: smd machine-1-1
Model: Fusionformer forecasting (T=96, tau=24), seed=1
Hyperparameters (paper-matched): d_model=252, n_heads=6, L_seg=4, N_enc=1, N_dec=1
Fusionformer params: 1,906,656, Discriminator params: 600,449
Training: 15 epochs, batch 64, lr_F=0.00015, lr_D=7.5e-05, adv weight=0.0
Wall-clock: 45.7 min on mps

Test AUROC: 0.9414
Test PR-AUC: 0.6859
Test anomaly rate: 0.095
==============================================================

Saved: notes/ff_true_no_mswea_smd_machine-1-1_seed1.txt
