Device: mps, seed: 0
Dataset: skab 2
  Train shape: (566, 8), Test shape: (1075, 8)
  Test anomaly rate: 0.313
Variant: no_mswea  (use_swse=True, use_mswea=False)
Effective batch size: 64
Fusionformer params: 1,725,216
Discriminator params: 139,649

Training 15 epochs with paper-matched hyperparameters:
  d_model=252, n_heads=6, L_seg=4, T=96, tau=24
  epoch  1/15  pred_MSE=0.4447  D_loss=nan  F_loss=0.4447
  epoch  2/15  pred_MSE=0.3650  D_loss=nan  F_loss=0.3650
  epoch  3/15  pred_MSE=0.3322  D_loss=nan  F_loss=0.3322
  epoch  4/15  pred_MSE=0.3188  D_loss=nan  F_loss=0.3188
  epoch  5/15  pred_MSE=0.3103  D_loss=nan  F_loss=0.3103
  epoch  6/15  pred_MSE=0.3037  D_loss=nan  F_loss=0.3037
  epoch  7/15  pred_MSE=0.2984  D_loss=nan  F_loss=0.2984
  epoch  8/15  pred_MSE=0.2940  D_loss=nan  F_loss=0.2940
  epoch  9/15  pred_MSE=0.2894  D_loss=nan  F_loss=0.2894
  epoch 10/15  pred_MSE=0.2854  D_loss=nan  F_loss=0.2854
  epoch 11/15  pred_MSE=0.2827  D_loss=nan  F_loss=0.2827
  epoch 12/15  pred_MSE=0.2785  D_loss=nan  F_loss=0.2785
  epoch 13/15  pred_MSE=0.2750  D_loss=nan  F_loss=0.2750
  epoch 14/15  pred_MSE=0.2730  D_loss=nan  F_loss=0.2730
  epoch 15/15  pred_MSE=0.2687  D_loss=nan  F_loss=0.2687
Training took 0.2 min

Scoring test set via forecast error...

FAITHFUL FUSIONFORMER RESULTS (per Wang et al. 2025)
==============================================================
Dataset: skab 2
Model: Fusionformer forecasting (T=96, tau=24), seed=0
Hyperparameters (paper-matched): d_model=252, n_heads=6, L_seg=4, N_enc=1, N_dec=1
Fusionformer params: 1,725,216, Discriminator params: 139,649
Training: 15 epochs, batch 64, lr_F=0.00015, lr_D=7.5e-05, adv weight=0.0
Wall-clock: 0.2 min on mps

Test AUROC: 0.8626
Test PR-AUC: 0.6592
Test anomaly rate: 0.313
==============================================================

Saved: notes/ff_true_no_mswea_skab_2_seed0.txt
