Device: mps, seed: 1
Dataset: skab 4
  Train shape: (573, 8), Test shape: (1095, 8)
  Test anomaly rate: 0.319
Variant: no_mswea  (use_swse=True, use_mswea=False)
Effective batch size: 64
Fusionformer params: 1,725,216
Discriminator params: 139,649

Training 15 epochs with paper-matched hyperparameters:
  d_model=252, n_heads=6, L_seg=4, T=96, tau=24
  epoch  1/15  pred_MSE=0.4538  D_loss=nan  F_loss=0.4538
  epoch  2/15  pred_MSE=0.3663  D_loss=nan  F_loss=0.3663
  epoch  3/15  pred_MSE=0.3429  D_loss=nan  F_loss=0.3429
  epoch  4/15  pred_MSE=0.3320  D_loss=nan  F_loss=0.3320
  epoch  5/15  pred_MSE=0.3223  D_loss=nan  F_loss=0.3223
  epoch  6/15  pred_MSE=0.3162  D_loss=nan  F_loss=0.3162
  epoch  7/15  pred_MSE=0.3136  D_loss=nan  F_loss=0.3136
  epoch  8/15  pred_MSE=0.3095  D_loss=nan  F_loss=0.3095
  epoch  9/15  pred_MSE=0.3092  D_loss=nan  F_loss=0.3092
  epoch 10/15  pred_MSE=0.3009  D_loss=nan  F_loss=0.3009
  epoch 11/15  pred_MSE=0.2970  D_loss=nan  F_loss=0.2970
  epoch 12/15  pred_MSE=0.2962  D_loss=nan  F_loss=0.2962
  epoch 13/15  pred_MSE=0.2928  D_loss=nan  F_loss=0.2928
  epoch 14/15  pred_MSE=0.2892  D_loss=nan  F_loss=0.2892
  epoch 15/15  pred_MSE=0.2868  D_loss=nan  F_loss=0.2868
Training took 0.2 min

Scoring test set via forecast error...

FAITHFUL FUSIONFORMER RESULTS (per Wang et al. 2025)
==============================================================
Dataset: skab 4
Model: Fusionformer forecasting (T=96, tau=24), seed=1
Hyperparameters (paper-matched): d_model=252, n_heads=6, L_seg=4, N_enc=1, N_dec=1
Fusionformer params: 1,725,216, Discriminator params: 139,649
Training: 15 epochs, batch 64, lr_F=0.00015, lr_D=7.5e-05, adv weight=0.0
Wall-clock: 0.2 min on mps

Test AUROC: 0.7957
Test PR-AUC: 0.4776
Test anomaly rate: 0.319
==============================================================

Saved: notes/ff_true_no_mswea_skab_4_seed1.txt
