===========================================================
Ablation sweep starting at Fri Sep  4 00:41:50 BST 2026
Total runs: 27 (variants=3 x machines=3 x seeds=3)
Estimated total wall-clock at 95 min per run: ~42 hours
===========================================================

----- [1/27] variant=full machine=machine-1-1 seed=0 @ 00:41 -----
Device: mps, seed: 0
Dataset: smd machine-1-1
  Train shape: (28479, 38), Test shape: (28479, 38)
  Test anomaly rate: 0.095
Variant: full  (use_swse=True, use_mswea=True)
Fusionformer params: 3,437,304
Discriminator params: 600,449

Training 15 epochs with paper-matched hyperparameters:
  d_model=252, n_heads=6, L_seg=4, T=96, tau=24
  epoch  1/15  pred_MSE=0.0888  D_loss=nan  F_loss=0.0888
  epoch  2/15  pred_MSE=0.0705  D_loss=nan  F_loss=0.0705
  epoch  3/15  pred_MSE=0.0653  D_loss=nan  F_loss=0.0653
  epoch  4/15  pred_MSE=0.0638  D_loss=nan  F_loss=0.0638
  epoch  5/15  pred_MSE=0.0622  D_loss=nan  F_loss=0.0622
  epoch  6/15  pred_MSE=0.0615  D_loss=nan  F_loss=0.0615
  epoch  7/15  pred_MSE=0.0604  D_loss=nan  F_loss=0.0604
  epoch  8/15  pred_MSE=0.0601  D_loss=nan  F_loss=0.0601
  epoch  9/15  pred_MSE=0.0590  D_loss=nan  F_loss=0.0590
  epoch 10/15  pred_MSE=0.0585  D_loss=nan  F_loss=0.0585
  epoch 11/15  pred_MSE=0.0575  D_loss=nan  F_loss=0.0575
  epoch 12/15  pred_MSE=0.0571  D_loss=nan  F_loss=0.0571
  epoch 13/15  pred_MSE=0.0562  D_loss=nan  F_loss=0.0562
  epoch 14/15  pred_MSE=0.0557  D_loss=nan  F_loss=0.0557
  epoch 15/15  pred_MSE=0.0550  D_loss=nan  F_loss=0.0550
Training took 98.9 min

Scoring test set via forecast error...

FAITHFUL FUSIONFORMER RESULTS (per Wang et al. 2025)
==============================================================
Dataset: smd machine-1-1
Model: Fusionformer forecasting (T=96, tau=24), seed=0
Hyperparameters (paper-matched): d_model=252, n_heads=6, L_seg=4, N_enc=1, N_dec=1
Fusionformer params: 3,437,304, Discriminator params: 600,449
Training: 15 epochs, batch 64, lr_F=0.00015, lr_D=7.5e-05, adv weight=0.0
Wall-clock: 98.9 min on mps

Test AUROC: 0.9410
Test PR-AUC: 0.6767
Test anomaly rate: 0.095
==============================================================

Saved: notes/ff_true_full_smd_machine-1-1_seed0.txt
  progress: 2/27 done, elapsed 100 min, estimated remaining 1250 min

----- [2/27] variant=full machine=machine-1-1 seed=1 @ 02:22 -----
Device: mps, seed: 1
Dataset: smd machine-1-1
  Train shape: (28479, 38), Test shape: (28479, 38)
  Test anomaly rate: 0.095
Variant: full  (use_swse=True, use_mswea=True)
Fusionformer params: 3,437,304
Discriminator params: 600,449

Training 15 epochs with paper-matched hyperparameters:
  d_model=252, n_heads=6, L_seg=4, T=96, tau=24
  epoch  1/15  pred_MSE=0.0879  D_loss=nan  F_loss=0.0879
  epoch  2/15  pred_MSE=0.0689  D_loss=nan  F_loss=0.0689
  epoch  3/15  pred_MSE=0.0655  D_loss=nan  F_loss=0.0655
  epoch  4/15  pred_MSE=0.0643  D_loss=nan  F_loss=0.0643
  epoch  5/15  pred_MSE=0.0625  D_loss=nan  F_loss=0.0625
  epoch  6/15  pred_MSE=0.0614  D_loss=nan  F_loss=0.0614
  epoch  7/15  pred_MSE=0.0605  D_loss=nan  F_loss=0.0605
  epoch  8/15  pred_MSE=0.0598  D_loss=nan  F_loss=0.0598
  epoch  9/15  pred_MSE=0.0589  D_loss=nan  F_loss=0.0589
  epoch 10/15  pred_MSE=0.0585  D_loss=nan  F_loss=0.0585
  epoch 11/15  pred_MSE=0.0571  D_loss=nan  F_loss=0.0571
  epoch 12/15  pred_MSE=0.0567  D_loss=nan  F_loss=0.0567
  epoch 13/15  pred_MSE=0.0561  D_loss=nan  F_loss=0.0561
  epoch 14/15  pred_MSE=0.0559  D_loss=nan  F_loss=0.0559
  epoch 15/15  pred_MSE=0.0552  D_loss=nan  F_loss=0.0552
Training took 96.3 min

Scoring test set via forecast error...

FAITHFUL FUSIONFORMER RESULTS (per Wang et al. 2025)
==============================================================
Dataset: smd machine-1-1
Model: Fusionformer forecasting (T=96, tau=24), seed=1
Hyperparameters (paper-matched): d_model=252, n_heads=6, L_seg=4, N_enc=1, N_dec=1
Fusionformer params: 3,437,304, Discriminator params: 600,449
Training: 15 epochs, batch 64, lr_F=0.00015, lr_D=7.5e-05, adv weight=0.0
Wall-clock: 96.3 min on mps

Test AUROC: 0.9377
Test PR-AUC: 0.6652
Test anomaly rate: 0.095
==============================================================

Saved: notes/ff_true_full_smd_machine-1-1_seed1.txt
  progress: 3/27 done, elapsed 198 min, estimated remaining 1584 min

----- [3/27] variant=full machine=machine-1-1 seed=42 @ 04:00 -----
Device: mps, seed: 42
Dataset: smd machine-1-1
  Train shape: (28479, 38), Test shape: (28479, 38)
  Test anomaly rate: 0.095
Variant: full  (use_swse=True, use_mswea=True)
Fusionformer params: 3,437,304
Discriminator params: 600,449

Training 15 epochs with paper-matched hyperparameters:
  d_model=252, n_heads=6, L_seg=4, T=96, tau=24
  epoch  1/15  pred_MSE=0.0884  D_loss=nan  F_loss=0.0884
  epoch  2/15  pred_MSE=0.0695  D_loss=nan  F_loss=0.0695
  epoch  3/15  pred_MSE=0.0667  D_loss=nan  F_loss=0.0667
  epoch  4/15  pred_MSE=0.0641  D_loss=nan  F_loss=0.0641
  epoch  5/15  pred_MSE=0.0632  D_loss=nan  F_loss=0.0632
  epoch  6/15  pred_MSE=0.0616  D_loss=nan  F_loss=0.0616
  epoch  7/15  pred_MSE=0.0607  D_loss=nan  F_loss=0.0607
  epoch  8/15  pred_MSE=0.0598  D_loss=nan  F_loss=0.0598
  epoch  9/15  pred_MSE=0.0593  D_loss=nan  F_loss=0.0593
  epoch 10/15  pred_MSE=0.0584  D_loss=nan  F_loss=0.0584
  epoch 11/15  pred_MSE=0.0575  D_loss=nan  F_loss=0.0575
  epoch 12/15  pred_MSE=0.0570  D_loss=nan  F_loss=0.0570
  epoch 13/15  pred_MSE=0.0565  D_loss=nan  F_loss=0.0565
  epoch 14/15  pred_MSE=0.0558  D_loss=nan  F_loss=0.0558
  epoch 15/15  pred_MSE=0.0552  D_loss=nan  F_loss=0.0552
Training took 95.9 min

Scoring test set via forecast error...

FAITHFUL FUSIONFORMER RESULTS (per Wang et al. 2025)
==============================================================
Dataset: smd machine-1-1
Model: Fusionformer forecasting (T=96, tau=24), seed=42
Hyperparameters (paper-matched): d_model=252, n_heads=6, L_seg=4, N_enc=1, N_dec=1
Fusionformer params: 3,437,304, Discriminator params: 600,449
Training: 15 epochs, batch 64, lr_F=0.00015, lr_D=7.5e-05, adv weight=0.0
Wall-clock: 95.9 min on mps

Test AUROC: 0.9389
Test PR-AUC: 0.6659
Test anomaly rate: 0.095
==============================================================

Saved: notes/ff_true_full_smd_machine-1-1_seed42.txt
  progress: 4/27 done, elapsed 296 min, estimated remaining 1702 min

----- [4/27] variant=full machine=machine-1-4 seed=0 @ 05:37 -----
Device: mps, seed: 0
Dataset: smd machine-1-4
  Train shape: (23706, 38), Test shape: (23707, 38)
  Test anomaly rate: 0.030
Variant: full  (use_swse=True, use_mswea=True)
Fusionformer params: 3,437,304
Discriminator params: 600,449

Training 15 epochs with paper-matched hyperparameters:
  d_model=252, n_heads=6, L_seg=4, T=96, tau=24
  epoch  1/15  pred_MSE=0.0605  D_loss=nan  F_loss=0.0605
  epoch  2/15  pred_MSE=0.0423  D_loss=nan  F_loss=0.0423
  epoch  3/15  pred_MSE=0.0405  D_loss=nan  F_loss=0.0405
  epoch  4/15  pred_MSE=0.0395  D_loss=nan  F_loss=0.0395
  epoch  5/15  pred_MSE=0.0391  D_loss=nan  F_loss=0.0391
  epoch  6/15  pred_MSE=0.0388  D_loss=nan  F_loss=0.0388
  epoch  7/15  pred_MSE=0.0382  D_loss=nan  F_loss=0.0382
  epoch  8/15  pred_MSE=0.0381  D_loss=nan  F_loss=0.0381
  epoch  9/15  pred_MSE=0.0377  D_loss=nan  F_loss=0.0377
  epoch 10/15  pred_MSE=0.0373  D_loss=nan  F_loss=0.0373
  epoch 11/15  pred_MSE=0.0371  D_loss=nan  F_loss=0.0371
  epoch 12/15  pred_MSE=0.0367  D_loss=nan  F_loss=0.0367
  epoch 13/15  pred_MSE=0.0366  D_loss=nan  F_loss=0.0366
  epoch 14/15  pred_MSE=0.0362  D_loss=nan  F_loss=0.0362
  epoch 15/15  pred_MSE=0.0360  D_loss=nan  F_loss=0.0360
Training took 78.8 min

Scoring test set via forecast error...

FAITHFUL FUSIONFORMER RESULTS (per Wang et al. 2025)
==============================================================
Dataset: smd machine-1-4
Model: Fusionformer forecasting (T=96, tau=24), seed=0
Hyperparameters (paper-matched): d_model=252, n_heads=6, L_seg=4, N_enc=1, N_dec=1
Fusionformer params: 3,437,304, Discriminator params: 600,449
Training: 15 epochs, batch 64, lr_F=0.00015, lr_D=7.5e-05, adv weight=0.0
Wall-clock: 78.8 min on mps

Test AUROC: 0.9346
Test PR-AUC: 0.2618
Test anomaly rate: 0.030
==============================================================

Saved: notes/ff_true_full_smd_machine-1-4_seed0.txt
  progress: 5/27 done, elapsed 376 min, estimated remaining 1650 min

----- [5/27] variant=full machine=machine-1-4 seed=1 @ 06:58 -----
Device: mps, seed: 1
Dataset: smd machine-1-4
  Train shape: (23706, 38), Test shape: (23707, 38)
  Test anomaly rate: 0.030
Variant: full  (use_swse=True, use_mswea=True)
Fusionformer params: 3,437,304
Discriminator params: 600,449

Training 15 epochs with paper-matched hyperparameters:
  d_model=252, n_heads=6, L_seg=4, T=96, tau=24
  epoch  1/15  pred_MSE=0.0601  D_loss=nan  F_loss=0.0601
  epoch  2/15  pred_MSE=0.0426  D_loss=nan  F_loss=0.0426
  epoch  3/15  pred_MSE=0.0404  D_loss=nan  F_loss=0.0404
  epoch  4/15  pred_MSE=0.0397  D_loss=nan  F_loss=0.0397
  epoch  5/15  pred_MSE=0.0390  D_loss=nan  F_loss=0.0390
  epoch  6/15  pred_MSE=0.0388  D_loss=nan  F_loss=0.0388
  epoch  7/15  pred_MSE=0.0384  D_loss=nan  F_loss=0.0384
  epoch  8/15  pred_MSE=0.0381  D_loss=nan  F_loss=0.0381
  epoch  9/15  pred_MSE=0.0378  D_loss=nan  F_loss=0.0378
  epoch 10/15  pred_MSE=0.0375  D_loss=nan  F_loss=0.0375
  epoch 11/15  pred_MSE=0.0371  D_loss=nan  F_loss=0.0371
  epoch 12/15  pred_MSE=0.0369  D_loss=nan  F_loss=0.0369
  epoch 13/15  pred_MSE=0.0366  D_loss=nan  F_loss=0.0366
  epoch 14/15  pred_MSE=0.0364  D_loss=nan  F_loss=0.0364
  epoch 15/15  pred_MSE=0.0361  D_loss=nan  F_loss=0.0361
Training took 78.5 min

Scoring test set via forecast error...

FAITHFUL FUSIONFORMER RESULTS (per Wang et al. 2025)
==============================================================
Dataset: smd machine-1-4
Model: Fusionformer forecasting (T=96, tau=24), seed=1
Hyperparameters (paper-matched): d_model=252, n_heads=6, L_seg=4, N_enc=1, N_dec=1
Fusionformer params: 3,437,304, Discriminator params: 600,449
Training: 15 epochs, batch 64, lr_F=0.00015, lr_D=7.5e-05, adv weight=0.0
Wall-clock: 78.5 min on mps

Test AUROC: 0.9323
Test PR-AUC: 0.2602
Test anomaly rate: 0.030
==============================================================

Saved: notes/ff_true_full_smd_machine-1-4_seed1.txt
  progress: 6/27 done, elapsed 456 min, estimated remaining 1596 min

----- [6/27] variant=full machine=machine-1-4 seed=42 @ 08:18 -----
Device: mps, seed: 42
Dataset: smd machine-1-4
  Train shape: (23706, 38), Test shape: (23707, 38)
  Test anomaly rate: 0.030
Variant: full  (use_swse=True, use_mswea=True)
Fusionformer params: 3,437,304
Discriminator params: 600,449

Training 15 epochs with paper-matched hyperparameters:
  d_model=252, n_heads=6, L_seg=4, T=96, tau=24
  epoch  1/15  pred_MSE=0.0614  D_loss=nan  F_loss=0.0614
  epoch  2/15  pred_MSE=0.0435  D_loss=nan  F_loss=0.0435
  epoch  3/15  pred_MSE=0.0410  D_loss=nan  F_loss=0.0410
  epoch  4/15  pred_MSE=0.0398  D_loss=nan  F_loss=0.0398
  epoch  5/15  pred_MSE=0.0392  D_loss=nan  F_loss=0.0392
  epoch  6/15  pred_MSE=0.0387  D_loss=nan  F_loss=0.0387
  epoch  7/15  pred_MSE=0.0385  D_loss=nan  F_loss=0.0385
  epoch  8/15  pred_MSE=0.0381  D_loss=nan  F_loss=0.0381
  epoch  9/15  pred_MSE=0.0379  D_loss=nan  F_loss=0.0379
  epoch 10/15  pred_MSE=0.0375  D_loss=nan  F_loss=0.0375
  epoch 11/15  pred_MSE=0.0373  D_loss=nan  F_loss=0.0373
  epoch 12/15  pred_MSE=0.0370  D_loss=nan  F_loss=0.0370
  epoch 13/15  pred_MSE=0.0366  D_loss=nan  F_loss=0.0366
  epoch 14/15  pred_MSE=0.0364  D_loss=nan  F_loss=0.0364
  epoch 15/15  pred_MSE=0.0360  D_loss=nan  F_loss=0.0360
Training took 78.3 min

Scoring test set via forecast error...

FAITHFUL FUSIONFORMER RESULTS (per Wang et al. 2025)
==============================================================
Dataset: smd machine-1-4
Model: Fusionformer forecasting (T=96, tau=24), seed=42
Hyperparameters (paper-matched): d_model=252, n_heads=6, L_seg=4, N_enc=1, N_dec=1
Fusionformer params: 3,437,304, Discriminator params: 600,449
Training: 15 epochs, batch 64, lr_F=0.00015, lr_D=7.5e-05, adv weight=0.0
Wall-clock: 78.3 min on mps

Test AUROC: 0.9337
Test PR-AUC: 0.2614
Test anomaly rate: 0.030
==============================================================

Saved: notes/ff_true_full_smd_machine-1-4_seed42.txt
  progress: 7/27 done, elapsed 535 min, estimated remaining 1520 min

----- [7/27] variant=full machine=machine-2-1 seed=0 @ 09:37 -----
Device: mps, seed: 0
Dataset: smd machine-2-1
  Train shape: (23693, 38), Test shape: (23694, 38)
  Test anomaly rate: 0.049
Variant: full  (use_swse=True, use_mswea=True)
Fusionformer params: 3,437,304
Discriminator params: 600,449

Training 15 epochs with paper-matched hyperparameters:
  d_model=252, n_heads=6, L_seg=4, T=96, tau=24
  epoch  1/15  pred_MSE=0.1231  D_loss=nan  F_loss=0.1231
  epoch  2/15  pred_MSE=0.1052  D_loss=nan  F_loss=0.1052
  epoch  3/15  pred_MSE=0.1011  D_loss=nan  F_loss=0.1011
  epoch  4/15  pred_MSE=0.0985  D_loss=nan  F_loss=0.0985
  epoch  5/15  pred_MSE=0.0961  D_loss=nan  F_loss=0.0961
  epoch  6/15  pred_MSE=0.0940  D_loss=nan  F_loss=0.0940
  epoch  7/15  pred_MSE=0.0922  D_loss=nan  F_loss=0.0922
  epoch  8/15  pred_MSE=0.0903  D_loss=nan  F_loss=0.0903
  epoch  9/15  pred_MSE=0.0883  D_loss=nan  F_loss=0.0883
  epoch 10/15  pred_MSE=0.0866  D_loss=nan  F_loss=0.0866
  epoch 11/15  pred_MSE=0.0848  D_loss=nan  F_loss=0.0848
  epoch 12/15  pred_MSE=0.0828  D_loss=nan  F_loss=0.0828
  epoch 13/15  pred_MSE=0.0812  D_loss=nan  F_loss=0.0812
  epoch 14/15  pred_MSE=0.0795  D_loss=nan  F_loss=0.0795
  epoch 15/15  pred_MSE=0.0779  D_loss=nan  F_loss=0.0779
Training took 78.1 min

Scoring test set via forecast error...

FAITHFUL FUSIONFORMER RESULTS (per Wang et al. 2025)
==============================================================
Dataset: smd machine-2-1
Model: Fusionformer forecasting (T=96, tau=24), seed=0
Hyperparameters (paper-matched): d_model=252, n_heads=6, L_seg=4, N_enc=1, N_dec=1
Fusionformer params: 3,437,304, Discriminator params: 600,449
Training: 15 epochs, batch 64, lr_F=0.00015, lr_D=7.5e-05, adv weight=0.0
Wall-clock: 78.1 min on mps

Test AUROC: 0.7980
Test PR-AUC: 0.2973
Test anomaly rate: 0.049
==============================================================

Saved: notes/ff_true_full_smd_machine-2-1_seed0.txt
  progress: 8/27 done, elapsed 615 min, estimated remaining 1444 min

----- [8/27] variant=full machine=machine-2-1 seed=1 @ 10:57 -----
Device: mps, seed: 1
Dataset: smd machine-2-1
  Train shape: (23693, 38), Test shape: (23694, 38)
  Test anomaly rate: 0.049
Variant: full  (use_swse=True, use_mswea=True)
Fusionformer params: 3,437,304
Discriminator params: 600,449

Training 15 epochs with paper-matched hyperparameters:
  d_model=252, n_heads=6, L_seg=4, T=96, tau=24
  epoch  1/15  pred_MSE=0.1225  D_loss=nan  F_loss=0.1225
  epoch  2/15  pred_MSE=0.1055  D_loss=nan  F_loss=0.1055
  epoch  3/15  pred_MSE=0.1012  D_loss=nan  F_loss=0.1012
  epoch  4/15  pred_MSE=0.0988  D_loss=nan  F_loss=0.0988
  epoch  5/15  pred_MSE=0.0965  D_loss=nan  F_loss=0.0965
  epoch  6/15  pred_MSE=0.0945  D_loss=nan  F_loss=0.0945
  epoch  7/15  pred_MSE=0.0928  D_loss=nan  F_loss=0.0928
  epoch  8/15  pred_MSE=0.0910  D_loss=nan  F_loss=0.0910
  epoch  9/15  pred_MSE=0.0894  D_loss=nan  F_loss=0.0894
  epoch 10/15  pred_MSE=0.0872  D_loss=nan  F_loss=0.0872
  epoch 11/15  pred_MSE=0.0858  D_loss=nan  F_loss=0.0858
  epoch 12/15  pred_MSE=0.0841  D_loss=nan  F_loss=0.0841
  epoch 13/15  pred_MSE=0.0824  D_loss=nan  F_loss=0.0824
  epoch 14/15  pred_MSE=0.0808  D_loss=nan  F_loss=0.0808
  epoch 15/15  pred_MSE=0.0793  D_loss=nan  F_loss=0.0793
Training took 77.7 min

Scoring test set via forecast error...

FAITHFUL FUSIONFORMER RESULTS (per Wang et al. 2025)
==============================================================
Dataset: smd machine-2-1
Model: Fusionformer forecasting (T=96, tau=24), seed=1
Hyperparameters (paper-matched): d_model=252, n_heads=6, L_seg=4, N_enc=1, N_dec=1
Fusionformer params: 3,437,304, Discriminator params: 600,449
Training: 15 epochs, batch 64, lr_F=0.00015, lr_D=7.5e-05, adv weight=0.0
Wall-clock: 77.7 min on mps

Test AUROC: 0.7972
Test PR-AUC: 0.2946
Test anomaly rate: 0.049
==============================================================

Saved: notes/ff_true_full_smd_machine-2-1_seed1.txt
  progress: 9/27 done, elapsed 694 min, estimated remaining 1386 min

----- [9/27] variant=full machine=machine-2-1 seed=42 @ 12:16 -----
Device: mps, seed: 42
Dataset: smd machine-2-1
  Train shape: (23693, 38), Test shape: (23694, 38)
  Test anomaly rate: 0.049
Variant: full  (use_swse=True, use_mswea=True)
Fusionformer params: 3,437,304
Discriminator params: 600,449

Training 15 epochs with paper-matched hyperparameters:
  d_model=252, n_heads=6, L_seg=4, T=96, tau=24
  epoch  1/15  pred_MSE=0.1238  D_loss=nan  F_loss=0.1238
  epoch  2/15  pred_MSE=0.1063  D_loss=nan  F_loss=0.1063
  epoch  3/15  pred_MSE=0.1019  D_loss=nan  F_loss=0.1019
  epoch  4/15  pred_MSE=0.0991  D_loss=nan  F_loss=0.0991
  epoch  5/15  pred_MSE=0.0969  D_loss=nan  F_loss=0.0969
  epoch  6/15  pred_MSE=0.0952  D_loss=nan  F_loss=0.0952
  epoch  7/15  pred_MSE=0.0934  D_loss=nan  F_loss=0.0934
  epoch  8/15  pred_MSE=0.0914  D_loss=nan  F_loss=0.0914
  epoch  9/15  pred_MSE=0.0898  D_loss=nan  F_loss=0.0898
  epoch 10/15  pred_MSE=0.0880  D_loss=nan  F_loss=0.0880
  epoch 11/15  pred_MSE=0.0861  D_loss=nan  F_loss=0.0861
  epoch 12/15  pred_MSE=0.0845  D_loss=nan  F_loss=0.0845
  epoch 13/15  pred_MSE=0.0828  D_loss=nan  F_loss=0.0828
  epoch 14/15  pred_MSE=0.0813  D_loss=nan  F_loss=0.0813
  epoch 15/15  pred_MSE=0.0795  D_loss=nan  F_loss=0.0795
Training took 77.8 min

Scoring test set via forecast error...

FAITHFUL FUSIONFORMER RESULTS (per Wang et al. 2025)
==============================================================
Dataset: smd machine-2-1
Model: Fusionformer forecasting (T=96, tau=24), seed=42
Hyperparameters (paper-matched): d_model=252, n_heads=6, L_seg=4, N_enc=1, N_dec=1
Fusionformer params: 3,437,304, Discriminator params: 600,449
Training: 15 epochs, batch 64, lr_F=0.00015, lr_D=7.5e-05, adv weight=0.0
Wall-clock: 77.8 min on mps

Test AUROC: 0.8005
Test PR-AUC: 0.2938
Test anomaly rate: 0.049
==============================================================

Saved: notes/ff_true_full_smd_machine-2-1_seed42.txt
  progress: 10/27 done, elapsed 773 min, estimated remaining 1309 min

----- [10/27] variant=no_mswea machine=machine-1-1 seed=0 @ 13:35 -----
Device: mps, seed: 0
Dataset: smd machine-1-1
  Train shape: (28479, 38), Test shape: (28479, 38)
  Test anomaly rate: 0.095
Variant: no_mswea  (use_swse=True, use_mswea=False)
Fusionformer params: 1,906,656
Discriminator params: 600,449

Training 15 epochs with paper-matched hyperparameters:
  d_model=252, n_heads=6, L_seg=4, T=96, tau=24
  epoch  1/15  pred_MSE=0.0904  D_loss=nan  F_loss=0.0904
  epoch  2/15  pred_MSE=0.0705  D_loss=nan  F_loss=0.0705
  epoch  3/15  pred_MSE=0.0671  D_loss=nan  F_loss=0.0671
  epoch  4/15  pred_MSE=0.0655  D_loss=nan  F_loss=0.0655
  epoch  5/15  pred_MSE=0.0650  D_loss=nan  F_loss=0.0650
  epoch  6/15  pred_MSE=0.0638  D_loss=nan  F_loss=0.0638
  epoch  7/15  pred_MSE=0.0634  D_loss=nan  F_loss=0.0634
  epoch  8/15  pred_MSE=0.0630  D_loss=nan  F_loss=0.0630
  epoch  9/15  pred_MSE=0.0625  D_loss=nan  F_loss=0.0625
  epoch 10/15  pred_MSE=0.0622  D_loss=nan  F_loss=0.0622
  epoch 11/15  pred_MSE=0.0614  D_loss=nan  F_loss=0.0614
  epoch 12/15  pred_MSE=0.0611  D_loss=nan  F_loss=0.0611
  epoch 13/15  pred_MSE=0.0608  D_loss=nan  F_loss=0.0608
  epoch 14/15  pred_MSE=0.0605  D_loss=nan  F_loss=0.0605
  epoch 15/15  pred_MSE=0.0599  D_loss=nan  F_loss=0.0599
Training took 45.7 min

Scoring test set via forecast error...

FAITHFUL FUSIONFORMER RESULTS (per Wang et al. 2025)
==============================================================
Dataset: smd machine-1-1
Model: Fusionformer forecasting (T=96, tau=24), seed=0
Hyperparameters (paper-matched): d_model=252, n_heads=6, L_seg=4, N_enc=1, N_dec=1
Fusionformer params: 1,906,656, Discriminator params: 600,449
Training: 15 epochs, batch 64, lr_F=0.00015, lr_D=7.5e-05, adv weight=0.0
Wall-clock: 45.7 min on mps

Test AUROC: 0.9377
Test PR-AUC: 0.6811
Test anomaly rate: 0.095
==============================================================

Saved: notes/ff_true_no_mswea_smd_machine-1-1_seed0.txt
  progress: 11/27 done, elapsed 820 min, estimated remaining 1184 min

----- [11/27] variant=no_mswea machine=machine-1-1 seed=1 @ 14:21 -----
Device: mps, seed: 1
Dataset: smd machine-1-1
  Train shape: (28479, 38), Test shape: (28479, 38)
  Test anomaly rate: 0.095
Variant: no_mswea  (use_swse=True, use_mswea=False)
Fusionformer params: 1,906,656
Discriminator params: 600,449

Training 15 epochs with paper-matched hyperparameters:
  d_model=252, n_heads=6, L_seg=4, T=96, tau=24
  epoch  1/15  pred_MSE=0.0900  D_loss=nan  F_loss=0.0900
  epoch  2/15  pred_MSE=0.0709  D_loss=nan  F_loss=0.0709
  epoch  3/15  pred_MSE=0.0671  D_loss=nan  F_loss=0.0671
  epoch  4/15  pred_MSE=0.0656  D_loss=nan  F_loss=0.0656
  epoch  5/15  pred_MSE=0.0649  D_loss=nan  F_loss=0.0649
  epoch  6/15  pred_MSE=0.0638  D_loss=nan  F_loss=0.0638
  epoch  7/15  pred_MSE=0.0633  D_loss=nan  F_loss=0.0633
  epoch  8/15  pred_MSE=0.0630  D_loss=nan  F_loss=0.0630
  epoch  9/15  pred_MSE=0.0623  D_loss=nan  F_loss=0.0623
  epoch 10/15  pred_MSE=0.0619  D_loss=nan  F_loss=0.0619
  epoch 11/15  pred_MSE=0.0618  D_loss=nan  F_loss=0.0618
  epoch 12/15  pred_MSE=0.0614  D_loss=nan  F_loss=0.0614
  epoch 13/15  pred_MSE=0.0608  D_loss=nan  F_loss=0.0608
  epoch 14/15  pred_MSE=0.0606  D_loss=nan  F_loss=0.0606
  epoch 15/15  pred_MSE=0.0604  D_loss=nan  F_loss=0.0604
Training took 45.7 min

Scoring test set via forecast error...

FAITHFUL FUSIONFORMER RESULTS (per Wang et al. 2025)
==============================================================
Dataset: smd machine-1-1
Model: Fusionformer forecasting (T=96, tau=24), seed=1
Hyperparameters (paper-matched): d_model=252, n_heads=6, L_seg=4, N_enc=1, N_dec=1
Fusionformer params: 1,906,656, Discriminator params: 600,449
Training: 15 epochs, batch 64, lr_F=0.00015, lr_D=7.5e-05, adv weight=0.0
Wall-clock: 45.7 min on mps

Test AUROC: 0.9414
Test PR-AUC: 0.6859
Test anomaly rate: 0.095
==============================================================

Saved: notes/ff_true_no_mswea_smd_machine-1-1_seed1.txt
  progress: 12/27 done, elapsed 866 min, estimated remaining 1080 min

----- [12/27] variant=no_mswea machine=machine-1-1 seed=42 @ 15:08 -----
Device: mps, seed: 42
Dataset: smd machine-1-1
  Train shape: (28479, 38), Test shape: (28479, 38)
  Test anomaly rate: 0.095
Variant: no_mswea  (use_swse=True, use_mswea=False)
Fusionformer params: 1,906,656
Discriminator params: 600,449

Training 15 epochs with paper-matched hyperparameters:
  d_model=252, n_heads=6, L_seg=4, T=96, tau=24
  epoch  1/15  pred_MSE=0.0909  D_loss=nan  F_loss=0.0909
  epoch  2/15  pred_MSE=0.0715  D_loss=nan  F_loss=0.0715
  epoch  3/15  pred_MSE=0.0671  D_loss=nan  F_loss=0.0671
  epoch  4/15  pred_MSE=0.0660  D_loss=nan  F_loss=0.0660
  epoch  5/15  pred_MSE=0.0646  D_loss=nan  F_loss=0.0646
  epoch  6/15  pred_MSE=0.0645  D_loss=nan  F_loss=0.0645
  epoch  7/15  pred_MSE=0.0636  D_loss=nan  F_loss=0.0636
  epoch  8/15  pred_MSE=0.0629  D_loss=nan  F_loss=0.0629
  epoch  9/15  pred_MSE=0.0628  D_loss=nan  F_loss=0.0628
  epoch 10/15  pred_MSE=0.0622  D_loss=nan  F_loss=0.0622
  epoch 11/15  pred_MSE=0.0616  D_loss=nan  F_loss=0.0616
  epoch 12/15  pred_MSE=0.0611  D_loss=nan  F_loss=0.0611
  epoch 13/15  pred_MSE=0.0611  D_loss=nan  F_loss=0.0611
  epoch 14/15  pred_MSE=0.0606  D_loss=nan  F_loss=0.0606
  epoch 15/15  pred_MSE=0.0602  D_loss=nan  F_loss=0.0602
Training took 45.8 min

Scoring test set via forecast error...

FAITHFUL FUSIONFORMER RESULTS (per Wang et al. 2025)
==============================================================
Dataset: smd machine-1-1
Model: Fusionformer forecasting (T=96, tau=24), seed=42
Hyperparameters (paper-matched): d_model=252, n_heads=6, L_seg=4, N_enc=1, N_dec=1
Fusionformer params: 1,906,656, Discriminator params: 600,449
Training: 15 epochs, batch 64, lr_F=0.00015, lr_D=7.5e-05, adv weight=0.0
Wall-clock: 45.8 min on mps

Test AUROC: 0.9428
Test PR-AUC: 0.6833
Test anomaly rate: 0.095
==============================================================

Saved: notes/ff_true_no_mswea_smd_machine-1-1_seed42.txt
  progress: 13/27 done, elapsed 913 min, estimated remaining 980 min

----- [13/27] variant=no_mswea machine=machine-1-4 seed=0 @ 15:55 -----
Device: mps, seed: 0
Dataset: smd machine-1-4
  Train shape: (23706, 38), Test shape: (23707, 38)
  Test anomaly rate: 0.030
Variant: no_mswea  (use_swse=True, use_mswea=False)
Fusionformer params: 1,906,656
Discriminator params: 600,449

Training 15 epochs with paper-matched hyperparameters:
  d_model=252, n_heads=6, L_seg=4, T=96, tau=24
  epoch  1/15  pred_MSE=0.0628  D_loss=nan  F_loss=0.0628
  epoch  2/15  pred_MSE=0.0436  D_loss=nan  F_loss=0.0436
  epoch  3/15  pred_MSE=0.0413  D_loss=nan  F_loss=0.0413
  epoch  4/15  pred_MSE=0.0399  D_loss=nan  F_loss=0.0399
  epoch  5/15  pred_MSE=0.0396  D_loss=nan  F_loss=0.0396
  epoch  6/15  pred_MSE=0.0390  D_loss=nan  F_loss=0.0390
  epoch  7/15  pred_MSE=0.0388  D_loss=nan  F_loss=0.0388
  epoch  8/15  pred_MSE=0.0387  D_loss=nan  F_loss=0.0387
  epoch  9/15  pred_MSE=0.0382  D_loss=nan  F_loss=0.0382
  epoch 10/15  pred_MSE=0.0381  D_loss=nan  F_loss=0.0381
  epoch 11/15  pred_MSE=0.0381  D_loss=nan  F_loss=0.0381
  epoch 12/15  pred_MSE=0.0378  D_loss=nan  F_loss=0.0378
  epoch 13/15  pred_MSE=0.0376  D_loss=nan  F_loss=0.0376
  epoch 14/15  pred_MSE=0.0374  D_loss=nan  F_loss=0.0374
  epoch 15/15  pred_MSE=0.0373  D_loss=nan  F_loss=0.0373
Training took 38.1 min

Scoring test set via forecast error...

FAITHFUL FUSIONFORMER RESULTS (per Wang et al. 2025)
==============================================================
Dataset: smd machine-1-4
Model: Fusionformer forecasting (T=96, tau=24), seed=0
Hyperparameters (paper-matched): d_model=252, n_heads=6, L_seg=4, N_enc=1, N_dec=1
Fusionformer params: 1,906,656, Discriminator params: 600,449
Training: 15 epochs, batch 64, lr_F=0.00015, lr_D=7.5e-05, adv weight=0.0
Wall-clock: 38.1 min on mps

Test AUROC: 0.9326
Test PR-AUC: 0.2621
Test anomaly rate: 0.030
==============================================================

Saved: notes/ff_true_no_mswea_smd_machine-1-4_seed0.txt
  progress: 14/27 done, elapsed 952 min, estimated remaining 884 min

----- [14/27] variant=no_mswea machine=machine-1-4 seed=1 @ 16:33 -----
Device: mps, seed: 1
Dataset: smd machine-1-4
  Train shape: (23706, 38), Test shape: (23707, 38)
  Test anomaly rate: 0.030
Variant: no_mswea  (use_swse=True, use_mswea=False)
Fusionformer params: 1,906,656
Discriminator params: 600,449

Training 15 epochs with paper-matched hyperparameters:
  d_model=252, n_heads=6, L_seg=4, T=96, tau=24
  epoch  1/15  pred_MSE=0.0633  D_loss=nan  F_loss=0.0633
  epoch  2/15  pred_MSE=0.0439  D_loss=nan  F_loss=0.0439
  epoch  3/15  pred_MSE=0.0414  D_loss=nan  F_loss=0.0414
  epoch  4/15  pred_MSE=0.0400  D_loss=nan  F_loss=0.0400
  epoch  5/15  pred_MSE=0.0395  D_loss=nan  F_loss=0.0395
  epoch  6/15  pred_MSE=0.0389  D_loss=nan  F_loss=0.0389
  epoch  7/15  pred_MSE=0.0389  D_loss=nan  F_loss=0.0389
  epoch  8/15  pred_MSE=0.0386  D_loss=nan  F_loss=0.0386
  epoch  9/15  pred_MSE=0.0384  D_loss=nan  F_loss=0.0384
  epoch 10/15  pred_MSE=0.0382  D_loss=nan  F_loss=0.0382
  epoch 11/15  pred_MSE=0.0378  D_loss=nan  F_loss=0.0378
  epoch 12/15  pred_MSE=0.0379  D_loss=nan  F_loss=0.0379
  epoch 13/15  pred_MSE=0.0377  D_loss=nan  F_loss=0.0377
  epoch 14/15  pred_MSE=0.0374  D_loss=nan  F_loss=0.0374
  epoch 15/15  pred_MSE=0.0373  D_loss=nan  F_loss=0.0373
Training took 38.0 min

Scoring test set via forecast error...

FAITHFUL FUSIONFORMER RESULTS (per Wang et al. 2025)
==============================================================
Dataset: smd machine-1-4
Model: Fusionformer forecasting (T=96, tau=24), seed=1
Hyperparameters (paper-matched): d_model=252, n_heads=6, L_seg=4, N_enc=1, N_dec=1
Fusionformer params: 1,906,656, Discriminator params: 600,449
Training: 15 epochs, batch 64, lr_F=0.00015, lr_D=7.5e-05, adv weight=0.0
Wall-clock: 38.0 min on mps

Test AUROC: 0.9292
Test PR-AUC: 0.2598
Test anomaly rate: 0.030
==============================================================

Saved: notes/ff_true_no_mswea_smd_machine-1-4_seed1.txt
  progress: 15/27 done, elapsed 990 min, estimated remaining 792 min

----- [15/27] variant=no_mswea machine=machine-1-4 seed=42 @ 17:12 -----
Device: mps, seed: 42
Dataset: smd machine-1-4
  Train shape: (23706, 38), Test shape: (23707, 38)
  Test anomaly rate: 0.030
Variant: no_mswea  (use_swse=True, use_mswea=False)
Fusionformer params: 1,906,656
Discriminator params: 600,449

Training 15 epochs with paper-matched hyperparameters:
  d_model=252, n_heads=6, L_seg=4, T=96, tau=24
  epoch  1/15  pred_MSE=0.0633  D_loss=nan  F_loss=0.0633
  epoch  2/15  pred_MSE=0.0441  D_loss=nan  F_loss=0.0441
  epoch  3/15  pred_MSE=0.0414  D_loss=nan  F_loss=0.0414
  epoch  4/15  pred_MSE=0.0402  D_loss=nan  F_loss=0.0402
  epoch  5/15  pred_MSE=0.0397  D_loss=nan  F_loss=0.0397
  epoch  6/15  pred_MSE=0.0391  D_loss=nan  F_loss=0.0391
  epoch  7/15  pred_MSE=0.0390  D_loss=nan  F_loss=0.0390
  epoch  8/15  pred_MSE=0.0387  D_loss=nan  F_loss=0.0387
  epoch  9/15  pred_MSE=0.0385  D_loss=nan  F_loss=0.0385
  epoch 10/15  pred_MSE=0.0382  D_loss=nan  F_loss=0.0382
  epoch 11/15  pred_MSE=0.0382  D_loss=nan  F_loss=0.0382
  epoch 12/15  pred_MSE=0.0382  D_loss=nan  F_loss=0.0382
  epoch 13/15  pred_MSE=0.0378  D_loss=nan  F_loss=0.0378
  epoch 14/15  pred_MSE=0.0375  D_loss=nan  F_loss=0.0375
  epoch 15/15  pred_MSE=0.0374  D_loss=nan  F_loss=0.0374
Training took 38.1 min

Scoring test set via forecast error...

FAITHFUL FUSIONFORMER RESULTS (per Wang et al. 2025)
==============================================================
Dataset: smd machine-1-4
Model: Fusionformer forecasting (T=96, tau=24), seed=42
Hyperparameters (paper-matched): d_model=252, n_heads=6, L_seg=4, N_enc=1, N_dec=1
Fusionformer params: 1,906,656, Discriminator params: 600,449
Training: 15 epochs, batch 64, lr_F=0.00015, lr_D=7.5e-05, adv weight=0.0
Wall-clock: 38.1 min on mps

Test AUROC: 0.9308
Test PR-AUC: 0.2613
Test anomaly rate: 0.030
==============================================================

Saved: notes/ff_true_no_mswea_smd_machine-1-4_seed42.txt
  progress: 16/27 done, elapsed 1029 min, estimated remaining 704 min

----- [16/27] variant=no_mswea machine=machine-2-1 seed=0 @ 17:51 -----
Device: mps, seed: 0
Dataset: smd machine-2-1
  Train shape: (23693, 38), Test shape: (23694, 38)
  Test anomaly rate: 0.049
Variant: no_mswea  (use_swse=True, use_mswea=False)
Fusionformer params: 1,906,656
Discriminator params: 600,449

Training 15 epochs with paper-matched hyperparameters:
  d_model=252, n_heads=6, L_seg=4, T=96, tau=24
  epoch  1/15  pred_MSE=0.1242  D_loss=nan  F_loss=0.1242
  epoch  2/15  pred_MSE=0.1085  D_loss=nan  F_loss=0.1085
  epoch  3/15  pred_MSE=0.1039  D_loss=nan  F_loss=0.1039
  epoch  4/15  pred_MSE=0.1017  D_loss=nan  F_loss=0.1017
  epoch  5/15  pred_MSE=0.1005  D_loss=nan  F_loss=0.1005
  epoch  6/15  pred_MSE=0.0992  D_loss=nan  F_loss=0.0992
  epoch  7/15  pred_MSE=0.0985  D_loss=nan  F_loss=0.0985
  epoch  8/15  pred_MSE=0.0979  D_loss=nan  F_loss=0.0979
  epoch  9/15  pred_MSE=0.0975  D_loss=nan  F_loss=0.0975
  epoch 10/15  pred_MSE=0.0969  D_loss=nan  F_loss=0.0969
  epoch 11/15  pred_MSE=0.0963  D_loss=nan  F_loss=0.0963
  epoch 12/15  pred_MSE=0.0958  D_loss=nan  F_loss=0.0958
  epoch 13/15  pred_MSE=0.0956  D_loss=nan  F_loss=0.0956
  epoch 14/15  pred_MSE=0.0952  D_loss=nan  F_loss=0.0952
  epoch 15/15  pred_MSE=0.0948  D_loss=nan  F_loss=0.0948
Training took 38.1 min

Scoring test set via forecast error...

FAITHFUL FUSIONFORMER RESULTS (per Wang et al. 2025)
==============================================================
Dataset: smd machine-2-1
Model: Fusionformer forecasting (T=96, tau=24), seed=0
Hyperparameters (paper-matched): d_model=252, n_heads=6, L_seg=4, N_enc=1, N_dec=1
Fusionformer params: 1,906,656, Discriminator params: 600,449
Training: 15 epochs, batch 64, lr_F=0.00015, lr_D=7.5e-05, adv weight=0.0
Wall-clock: 38.1 min on mps

Test AUROC: 0.7864
Test PR-AUC: 0.2864
Test anomaly rate: 0.049
==============================================================

Saved: notes/ff_true_no_mswea_smd_machine-2-1_seed0.txt
  progress: 17/27 done, elapsed 1068 min, estimated remaining 620 min

----- [17/27] variant=no_mswea machine=machine-2-1 seed=1 @ 18:30 -----
Device: mps, seed: 1
Dataset: smd machine-2-1
  Train shape: (23693, 38), Test shape: (23694, 38)
  Test anomaly rate: 0.049
Variant: no_mswea  (use_swse=True, use_mswea=False)
Fusionformer params: 1,906,656
Discriminator params: 600,449

Training 15 epochs with paper-matched hyperparameters:
  d_model=252, n_heads=6, L_seg=4, T=96, tau=24
  epoch  1/15  pred_MSE=0.1254  D_loss=nan  F_loss=0.1254
  epoch  2/15  pred_MSE=0.1101  D_loss=nan  F_loss=0.1101
  epoch  3/15  pred_MSE=0.1051  D_loss=nan  F_loss=0.1051
  epoch  4/15  pred_MSE=0.1023  D_loss=nan  F_loss=0.1023
  epoch  5/15  pred_MSE=0.1008  D_loss=nan  F_loss=0.1008
  epoch  6/15  pred_MSE=0.0996  D_loss=nan  F_loss=0.0996
  epoch  7/15  pred_MSE=0.0988  D_loss=nan  F_loss=0.0988
  epoch  8/15  pred_MSE=0.0979  D_loss=nan  F_loss=0.0979
  epoch  9/15  pred_MSE=0.0975  D_loss=nan  F_loss=0.0975
  epoch 10/15  pred_MSE=0.0970  D_loss=nan  F_loss=0.0970
  epoch 11/15  pred_MSE=0.0963  D_loss=nan  F_loss=0.0963
  epoch 12/15  pred_MSE=0.0958  D_loss=nan  F_loss=0.0958
  epoch 13/15  pred_MSE=0.0956  D_loss=nan  F_loss=0.0956
  epoch 14/15  pred_MSE=0.0952  D_loss=nan  F_loss=0.0952
  epoch 15/15  pred_MSE=0.0947  D_loss=nan  F_loss=0.0947
Training took 38.0 min

Scoring test set via forecast error...

FAITHFUL FUSIONFORMER RESULTS (per Wang et al. 2025)
==============================================================
Dataset: smd machine-2-1
Model: Fusionformer forecasting (T=96, tau=24), seed=1
Hyperparameters (paper-matched): d_model=252, n_heads=6, L_seg=4, N_enc=1, N_dec=1
Fusionformer params: 1,906,656, Discriminator params: 600,449
Training: 15 epochs, batch 64, lr_F=0.00015, lr_D=7.5e-05, adv weight=0.0
Wall-clock: 38.0 min on mps

Test AUROC: 0.7858
Test PR-AUC: 0.2892
Test anomaly rate: 0.049
==============================================================

Saved: notes/ff_true_no_mswea_smd_machine-2-1_seed1.txt
  progress: 18/27 done, elapsed 1106 min, estimated remaining 549 min

----- [18/27] variant=no_mswea machine=machine-2-1 seed=42 @ 19:08 -----
Device: mps, seed: 42
Dataset: smd machine-2-1
  Train shape: (23693, 38), Test shape: (23694, 38)
  Test anomaly rate: 0.049
Variant: no_mswea  (use_swse=True, use_mswea=False)
Fusionformer params: 1,906,656
Discriminator params: 600,449

Training 15 epochs with paper-matched hyperparameters:
  d_model=252, n_heads=6, L_seg=4, T=96, tau=24
  epoch  1/15  pred_MSE=0.1263  D_loss=nan  F_loss=0.1263
  epoch  2/15  pred_MSE=0.1097  D_loss=nan  F_loss=0.1097
  epoch  3/15  pred_MSE=0.1044  D_loss=nan  F_loss=0.1044
  epoch  4/15  pred_MSE=0.1020  D_loss=nan  F_loss=0.1020
  epoch  5/15  pred_MSE=0.1007  D_loss=nan  F_loss=0.1007
  epoch  6/15  pred_MSE=0.0997  D_loss=nan  F_loss=0.0997
  epoch  7/15  pred_MSE=0.0987  D_loss=nan  F_loss=0.0987
  epoch  8/15  pred_MSE=0.0980  D_loss=nan  F_loss=0.0980
  epoch  9/15  pred_MSE=0.0976  D_loss=nan  F_loss=0.0976
  epoch 10/15  pred_MSE=0.0969  D_loss=nan  F_loss=0.0969
  epoch 11/15  pred_MSE=0.0964  D_loss=nan  F_loss=0.0964
  epoch 12/15  pred_MSE=0.0960  D_loss=nan  F_loss=0.0960
  epoch 13/15  pred_MSE=0.0955  D_loss=nan  F_loss=0.0955
  epoch 14/15  pred_MSE=0.0952  D_loss=nan  F_loss=0.0952
  epoch 15/15  pred_MSE=0.0947  D_loss=nan  F_loss=0.0947
Training took 38.0 min

Scoring test set via forecast error...

FAITHFUL FUSIONFORMER RESULTS (per Wang et al. 2025)
==============================================================
Dataset: smd machine-2-1
Model: Fusionformer forecasting (T=96, tau=24), seed=42
Hyperparameters (paper-matched): d_model=252, n_heads=6, L_seg=4, N_enc=1, N_dec=1
Fusionformer params: 1,906,656, Discriminator params: 600,449
Training: 15 epochs, batch 64, lr_F=0.00015, lr_D=7.5e-05, adv weight=0.0
Wall-clock: 38.0 min on mps

Test AUROC: 0.7836
Test PR-AUC: 0.2878
Test anomaly rate: 0.049
==============================================================

Saved: notes/ff_true_no_mswea_smd_machine-2-1_seed42.txt
  progress: 19/27 done, elapsed 1145 min, estimated remaining 480 min

----- [19/27] variant=no_swse machine=machine-1-1 seed=0 @ 19:47 -----
Device: mps, seed: 0
Dataset: smd machine-1-1
  Train shape: (28479, 38), Test shape: (28479, 38)
  Test anomaly rate: 0.095
Variant: no_swse  (use_swse=False, use_mswea=True)
Fusionformer params: 4,561,728
Discriminator params: 600,449

Training 15 epochs with paper-matched hyperparameters:
  d_model=252, n_heads=6, L_seg=4, T=96, tau=24
Traceback (most recent call last):
  File "/Users/nachiket/Brunel/DESSERTATION/Claude_Diss/train_ff_forecast_and_score_anomaly.py", line 299, in <module>
    main()
    ~~~~^^
  File "/Users/nachiket/Brunel/DESSERTATION/Claude_Diss/train_ff_forecast_and_score_anomaly.py", line 266, in main
    train_fusionformer_adversarial(model, disc, X_train_s, SEQ_LEN, PRED_LEN)
    ~~~~~~~~~~~~~~~~~~~~~~~~~~~~~~^^^^^^^^^^^^^^^^^^^^^^^^^^^^^^^^^^^^^^^^^^^
  File "/Users/nachiket/Brunel/DESSERTATION/Claude_Diss/train_ff_forecast_and_score_anomaly.py", line 145, in train_fusionformer_adversarial
    y_pred = model(x_batch)
  File "/opt/anaconda3/lib/python3.13/site-packages/torch/nn/modules/module.py", line 1779, in _wrapped_call_impl
    return self._call_impl(*args, **kwargs)
           ~~~~~~~~~~~~~~~^^^^^^^^^^^^^^^^^
  File "/opt/anaconda3/lib/python3.13/site-packages/torch/nn/modules/module.py", line 1790, in _call_impl
    return forward_call(*args, **kwargs)
  File "/Users/nachiket/Brunel/DESSERTATION/Claude_Diss/fusionformer_true.py", line 308, in forward
    u = block(u)
  File "/opt/anaconda3/lib/python3.13/site-packages/torch/nn/modules/module.py", line 1779, in _wrapped_call_impl
    return self._call_impl(*args, **kwargs)
           ~~~~~~~~~~~~~~~^^^^^^^^^^^^^^^^^
  File "/opt/anaconda3/lib/python3.13/site-packages/torch/nn/modules/module.py", line 1790, in _call_impl
    return forward_call(*args, **kwargs)
  File "/Users/nachiket/Brunel/DESSERTATION/Claude_Diss/fusionformer_true.py", line 213, in forward
    u = self.ffn1(u)    # FFN with residual+LN
  File "/opt/anaconda3/lib/python3.13/site-packages/torch/nn/modules/module.py", line 1779, in _wrapped_call_impl
    return self._call_impl(*args, **kwargs)
           ~~~~~~~~~~~~~~~^^^^^^^^^^^^^^^^^
  File "/opt/anaconda3/lib/python3.13/site-packages/torch/nn/modules/module.py", line 1790, in _call_impl
    return forward_call(*args, **kwargs)
  File "/Users/nachiket/Brunel/DESSERTATION/Claude_Diss/fusionformer_true.py", line 182, in forward
    return self.norm(u + self.ff(u))
                         ~~~~~~~^^^
  File "/opt/anaconda3/lib/python3.13/site-packages/torch/nn/modules/module.py", line 1779, in _wrapped_call_impl
    return self._call_impl(*args, **kwargs)
           ~~~~~~~~~~~~~~~^^^^^^^^^^^^^^^^^
  File "/opt/anaconda3/lib/python3.13/site-packages/torch/nn/modules/module.py", line 1790, in _call_impl
    return forward_call(*args, **kwargs)
  File "/opt/anaconda3/lib/python3.13/site-packages/torch/nn/modules/container.py", line 253, in forward
    input = module(input)
  File "/opt/anaconda3/lib/python3.13/site-packages/torch/nn/modules/module.py", line 1779, in _wrapped_call_impl
    return self._call_impl(*args, **kwargs)
           ~~~~~~~~~~~~~~~^^^^^^^^^^^^^^^^^
  File "/opt/anaconda3/lib/python3.13/site-packages/torch/nn/modules/module.py", line 1790, in _call_impl
    return forward_call(*args, **kwargs)
  File "/opt/anaconda3/lib/python3.13/site-packages/torch/nn/modules/activation.py", line 816, in forward
    return F.gelu(input, approximate=self.approximate)
           ~~~~~~^^^^^^^^^^^^^^^^^^^^^^^^^^^^^^^^^^^^^
RuntimeError: MPS backend out of memory (MPS allocated: 18.10 GiB, other allocations: 1.39 GiB, max allowed: 20.13 GiB). Tried to allocate 897.75 MiB on private pool. Use PYTORCH_MPS_HIGH_WATERMARK_RATIO=0.0 to disable upper limit for memory allocations (may cause system failure).
  progress: 19/27 done, elapsed 1145 min, estimated remaining 480 min

----- [20/27] variant=no_swse machine=machine-1-1 seed=1 @ 19:47 -----
Device: mps, seed: 1
Dataset: smd machine-1-1
  Train shape: (28479, 38), Test shape: (28479, 38)
  Test anomaly rate: 0.095
Variant: no_swse  (use_swse=False, use_mswea=True)
Fusionformer params: 4,561,728
Discriminator params: 600,449

Training 15 epochs with paper-matched hyperparameters:
  d_model=252, n_heads=6, L_seg=4, T=96, tau=24
Traceback (most recent call last):
  File "/Users/nachiket/Brunel/DESSERTATION/Claude_Diss/train_ff_forecast_and_score_anomaly.py", line 299, in <module>
    main()
    ~~~~^^
  File "/Users/nachiket/Brunel/DESSERTATION/Claude_Diss/train_ff_forecast_and_score_anomaly.py", line 266, in main
    train_fusionformer_adversarial(model, disc, X_train_s, SEQ_LEN, PRED_LEN)
    ~~~~~~~~~~~~~~~~~~~~~~~~~~~~~~^^^^^^^^^^^^^^^^^^^^^^^^^^^^^^^^^^^^^^^^^^^
  File "/Users/nachiket/Brunel/DESSERTATION/Claude_Diss/train_ff_forecast_and_score_anomaly.py", line 145, in train_fusionformer_adversarial
    y_pred = model(x_batch)
  File "/opt/anaconda3/lib/python3.13/site-packages/torch/nn/modules/module.py", line 1779, in _wrapped_call_impl
    return self._call_impl(*args, **kwargs)
           ~~~~~~~~~~~~~~~^^^^^^^^^^^^^^^^^
  File "/opt/anaconda3/lib/python3.13/site-packages/torch/nn/modules/module.py", line 1790, in _call_impl
    return forward_call(*args, **kwargs)
  File "/Users/nachiket/Brunel/DESSERTATION/Claude_Diss/fusionformer_true.py", line 308, in forward
    u = block(u)
  File "/opt/anaconda3/lib/python3.13/site-packages/torch/nn/modules/module.py", line 1779, in _wrapped_call_impl
    return self._call_impl(*args, **kwargs)
           ~~~~~~~~~~~~~~~^^^^^^^^^^^^^^^^^
  File "/opt/anaconda3/lib/python3.13/site-packages/torch/nn/modules/module.py", line 1790, in _call_impl
    return forward_call(*args, **kwargs)
  File "/Users/nachiket/Brunel/DESSERTATION/Claude_Diss/fusionformer_true.py", line 213, in forward
    u = self.ffn1(u)    # FFN with residual+LN
  File "/opt/anaconda3/lib/python3.13/site-packages/torch/nn/modules/module.py", line 1779, in _wrapped_call_impl
    return self._call_impl(*args, **kwargs)
           ~~~~~~~~~~~~~~~^^^^^^^^^^^^^^^^^
  File "/opt/anaconda3/lib/python3.13/site-packages/torch/nn/modules/module.py", line 1790, in _call_impl
    return forward_call(*args, **kwargs)
  File "/Users/nachiket/Brunel/DESSERTATION/Claude_Diss/fusionformer_true.py", line 182, in forward
    return self.norm(u + self.ff(u))
                         ~~~~~~~^^^
  File "/opt/anaconda3/lib/python3.13/site-packages/torch/nn/modules/module.py", line 1779, in _wrapped_call_impl
    return self._call_impl(*args, **kwargs)
           ~~~~~~~~~~~~~~~^^^^^^^^^^^^^^^^^
  File "/opt/anaconda3/lib/python3.13/site-packages/torch/nn/modules/module.py", line 1790, in _call_impl
    return forward_call(*args, **kwargs)
  File "/opt/anaconda3/lib/python3.13/site-packages/torch/nn/modules/container.py", line 253, in forward
    input = module(input)
  File "/opt/anaconda3/lib/python3.13/site-packages/torch/nn/modules/module.py", line 1779, in _wrapped_call_impl
    return self._call_impl(*args, **kwargs)
           ~~~~~~~~~~~~~~~^^^^^^^^^^^^^^^^^
  File "/opt/anaconda3/lib/python3.13/site-packages/torch/nn/modules/module.py", line 1790, in _call_impl
    return forward_call(*args, **kwargs)
  File "/opt/anaconda3/lib/python3.13/site-packages/torch/nn/modules/activation.py", line 816, in forward
    return F.gelu(input, approximate=self.approximate)
           ~~~~~~^^^^^^^^^^^^^^^^^^^^^^^^^^^^^^^^^^^^^
RuntimeError: MPS backend out of memory (MPS allocated: 18.10 GiB, other allocations: 1.39 GiB, max allowed: 20.13 GiB). Tried to allocate 897.75 MiB on private pool. Use PYTORCH_MPS_HIGH_WATERMARK_RATIO=0.0 to disable upper limit for memory allocations (may cause system failure).
  progress: 19/27 done, elapsed 1146 min, estimated remaining 480 min

----- [21/27] variant=no_swse machine=machine-1-1 seed=42 @ 19:47 -----
Device: mps, seed: 42
Dataset: smd machine-1-1
  Train shape: (28479, 38), Test shape: (28479, 38)
  Test anomaly rate: 0.095
Variant: no_swse  (use_swse=False, use_mswea=True)
Fusionformer params: 4,561,728
Discriminator params: 600,449

Training 15 epochs with paper-matched hyperparameters:
  d_model=252, n_heads=6, L_seg=4, T=96, tau=24
Traceback (most recent call last):
  File "/Users/nachiket/Brunel/DESSERTATION/Claude_Diss/train_ff_forecast_and_score_anomaly.py", line 299, in <module>
    main()
    ~~~~^^
  File "/Users/nachiket/Brunel/DESSERTATION/Claude_Diss/train_ff_forecast_and_score_anomaly.py", line 266, in main
    train_fusionformer_adversarial(model, disc, X_train_s, SEQ_LEN, PRED_LEN)
    ~~~~~~~~~~~~~~~~~~~~~~~~~~~~~~^^^^^^^^^^^^^^^^^^^^^^^^^^^^^^^^^^^^^^^^^^^
  File "/Users/nachiket/Brunel/DESSERTATION/Claude_Diss/train_ff_forecast_and_score_anomaly.py", line 145, in train_fusionformer_adversarial
    y_pred = model(x_batch)
  File "/opt/anaconda3/lib/python3.13/site-packages/torch/nn/modules/module.py", line 1779, in _wrapped_call_impl
    return self._call_impl(*args, **kwargs)
           ~~~~~~~~~~~~~~~^^^^^^^^^^^^^^^^^
  File "/opt/anaconda3/lib/python3.13/site-packages/torch/nn/modules/module.py", line 1790, in _call_impl
    return forward_call(*args, **kwargs)
  File "/Users/nachiket/Brunel/DESSERTATION/Claude_Diss/fusionformer_true.py", line 308, in forward
    u = block(u)
  File "/opt/anaconda3/lib/python3.13/site-packages/torch/nn/modules/module.py", line 1779, in _wrapped_call_impl
    return self._call_impl(*args, **kwargs)
           ~~~~~~~~~~~~~~~^^^^^^^^^^^^^^^^^
  File "/opt/anaconda3/lib/python3.13/site-packages/torch/nn/modules/module.py", line 1790, in _call_impl
    return forward_call(*args, **kwargs)
  File "/Users/nachiket/Brunel/DESSERTATION/Claude_Diss/fusionformer_true.py", line 213, in forward
    u = self.ffn1(u)    # FFN with residual+LN
  File "/opt/anaconda3/lib/python3.13/site-packages/torch/nn/modules/module.py", line 1779, in _wrapped_call_impl
    return self._call_impl(*args, **kwargs)
           ~~~~~~~~~~~~~~~^^^^^^^^^^^^^^^^^
  File "/opt/anaconda3/lib/python3.13/site-packages/torch/nn/modules/module.py", line 1790, in _call_impl
    return forward_call(*args, **kwargs)
  File "/Users/nachiket/Brunel/DESSERTATION/Claude_Diss/fusionformer_true.py", line 182, in forward
    return self.norm(u + self.ff(u))
                         ~~~~~~~^^^
  File "/opt/anaconda3/lib/python3.13/site-packages/torch/nn/modules/module.py", line 1779, in _wrapped_call_impl
    return self._call_impl(*args, **kwargs)
           ~~~~~~~~~~~~~~~^^^^^^^^^^^^^^^^^
  File "/opt/anaconda3/lib/python3.13/site-packages/torch/nn/modules/module.py", line 1790, in _call_impl
    return forward_call(*args, **kwargs)
  File "/opt/anaconda3/lib/python3.13/site-packages/torch/nn/modules/container.py", line 253, in forward
    input = module(input)
  File "/opt/anaconda3/lib/python3.13/site-packages/torch/nn/modules/module.py", line 1779, in _wrapped_call_impl
    return self._call_impl(*args, **kwargs)
           ~~~~~~~~~~~~~~~^^^^^^^^^^^^^^^^^
  File "/opt/anaconda3/lib/python3.13/site-packages/torch/nn/modules/module.py", line 1790, in _call_impl
    return forward_call(*args, **kwargs)
  File "/opt/anaconda3/lib/python3.13/site-packages/torch/nn/modules/activation.py", line 816, in forward
    return F.gelu(input, approximate=self.approximate)
           ~~~~~~^^^^^^^^^^^^^^^^^^^^^^^^^^^^^^^^^^^^^
RuntimeError: MPS backend out of memory (MPS allocated: 18.10 GiB, other allocations: 1.39 GiB, max allowed: 20.13 GiB). Tried to allocate 897.75 MiB on private pool. Use PYTORCH_MPS_HIGH_WATERMARK_RATIO=0.0 to disable upper limit for memory allocations (may cause system failure).
  progress: 19/27 done, elapsed 1146 min, estimated remaining 480 min

----- [22/27] variant=no_swse machine=machine-1-4 seed=0 @ 19:48 -----
Device: mps, seed: 0
Dataset: smd machine-1-4
  Train shape: (23706, 38), Test shape: (23707, 38)
  Test anomaly rate: 0.030
Variant: no_swse  (use_swse=False, use_mswea=True)
Fusionformer params: 4,561,728
Discriminator params: 600,449

Training 15 epochs with paper-matched hyperparameters:
  d_model=252, n_heads=6, L_seg=4, T=96, tau=24
Traceback (most recent call last):
  File "/Users/nachiket/Brunel/DESSERTATION/Claude_Diss/train_ff_forecast_and_score_anomaly.py", line 299, in <module>
    main()
    ~~~~^^
  File "/Users/nachiket/Brunel/DESSERTATION/Claude_Diss/train_ff_forecast_and_score_anomaly.py", line 266, in main
    train_fusionformer_adversarial(model, disc, X_train_s, SEQ_LEN, PRED_LEN)
    ~~~~~~~~~~~~~~~~~~~~~~~~~~~~~~^^^^^^^^^^^^^^^^^^^^^^^^^^^^^^^^^^^^^^^^^^^
  File "/Users/nachiket/Brunel/DESSERTATION/Claude_Diss/train_ff_forecast_and_score_anomaly.py", line 145, in train_fusionformer_adversarial
    y_pred = model(x_batch)
  File "/opt/anaconda3/lib/python3.13/site-packages/torch/nn/modules/module.py", line 1779, in _wrapped_call_impl
    return self._call_impl(*args, **kwargs)
           ~~~~~~~~~~~~~~~^^^^^^^^^^^^^^^^^
  File "/opt/anaconda3/lib/python3.13/site-packages/torch/nn/modules/module.py", line 1790, in _call_impl
    return forward_call(*args, **kwargs)
  File "/Users/nachiket/Brunel/DESSERTATION/Claude_Diss/fusionformer_true.py", line 308, in forward
    u = block(u)
  File "/opt/anaconda3/lib/python3.13/site-packages/torch/nn/modules/module.py", line 1779, in _wrapped_call_impl
    return self._call_impl(*args, **kwargs)
           ~~~~~~~~~~~~~~~^^^^^^^^^^^^^^^^^
  File "/opt/anaconda3/lib/python3.13/site-packages/torch/nn/modules/module.py", line 1790, in _call_impl
    return forward_call(*args, **kwargs)
  File "/Users/nachiket/Brunel/DESSERTATION/Claude_Diss/fusionformer_true.py", line 213, in forward
    u = self.ffn1(u)    # FFN with residual+LN
  File "/opt/anaconda3/lib/python3.13/site-packages/torch/nn/modules/module.py", line 1779, in _wrapped_call_impl
    return self._call_impl(*args, **kwargs)
           ~~~~~~~~~~~~~~~^^^^^^^^^^^^^^^^^
  File "/opt/anaconda3/lib/python3.13/site-packages/torch/nn/modules/module.py", line 1790, in _call_impl
    return forward_call(*args, **kwargs)
  File "/Users/nachiket/Brunel/DESSERTATION/Claude_Diss/fusionformer_true.py", line 182, in forward
    return self.norm(u + self.ff(u))
                         ~~~~~~~^^^
  File "/opt/anaconda3/lib/python3.13/site-packages/torch/nn/modules/module.py", line 1779, in _wrapped_call_impl
    return self._call_impl(*args, **kwargs)
           ~~~~~~~~~~~~~~~^^^^^^^^^^^^^^^^^
  File "/opt/anaconda3/lib/python3.13/site-packages/torch/nn/modules/module.py", line 1790, in _call_impl
    return forward_call(*args, **kwargs)
  File "/opt/anaconda3/lib/python3.13/site-packages/torch/nn/modules/container.py", line 253, in forward
    input = module(input)
  File "/opt/anaconda3/lib/python3.13/site-packages/torch/nn/modules/module.py", line 1779, in _wrapped_call_impl
    return self._call_impl(*args, **kwargs)
           ~~~~~~~~~~~~~~~^^^^^^^^^^^^^^^^^
  File "/opt/anaconda3/lib/python3.13/site-packages/torch/nn/modules/module.py", line 1790, in _call_impl
    return forward_call(*args, **kwargs)
  File "/opt/anaconda3/lib/python3.13/site-packages/torch/nn/modules/activation.py", line 816, in forward
    return F.gelu(input, approximate=self.approximate)
           ~~~~~~^^^^^^^^^^^^^^^^^^^^^^^^^^^^^^^^^^^^^
RuntimeError: MPS backend out of memory (MPS allocated: 18.10 GiB, other allocations: 1.39 GiB, max allowed: 20.13 GiB). Tried to allocate 897.75 MiB on private pool. Use PYTORCH_MPS_HIGH_WATERMARK_RATIO=0.0 to disable upper limit for memory allocations (may cause system failure).
  progress: 19/27 done, elapsed 1146 min, estimated remaining 480 min

----- [23/27] variant=no_swse machine=machine-1-4 seed=1 @ 19:48 -----
Device: mps, seed: 1
Dataset: smd machine-1-4
  Train shape: (23706, 38), Test shape: (23707, 38)
  Test anomaly rate: 0.030
Variant: no_swse  (use_swse=False, use_mswea=True)
Fusionformer params: 4,561,728
Discriminator params: 600,449

Training 15 epochs with paper-matched hyperparameters:
  d_model=252, n_heads=6, L_seg=4, T=96, tau=24
Traceback (most recent call last):
  File "/Users/nachiket/Brunel/DESSERTATION/Claude_Diss/train_ff_forecast_and_score_anomaly.py", line 299, in <module>
    main()
    ~~~~^^
  File "/Users/nachiket/Brunel/DESSERTATION/Claude_Diss/train_ff_forecast_and_score_anomaly.py", line 266, in main
    train_fusionformer_adversarial(model, disc, X_train_s, SEQ_LEN, PRED_LEN)
    ~~~~~~~~~~~~~~~~~~~~~~~~~~~~~~^^^^^^^^^^^^^^^^^^^^^^^^^^^^^^^^^^^^^^^^^^^
  File "/Users/nachiket/Brunel/DESSERTATION/Claude_Diss/train_ff_forecast_and_score_anomaly.py", line 145, in train_fusionformer_adversarial
    y_pred = model(x_batch)
  File "/opt/anaconda3/lib/python3.13/site-packages/torch/nn/modules/module.py", line 1779, in _wrapped_call_impl
    return self._call_impl(*args, **kwargs)
           ~~~~~~~~~~~~~~~^^^^^^^^^^^^^^^^^
  File "/opt/anaconda3/lib/python3.13/site-packages/torch/nn/modules/module.py", line 1790, in _call_impl
    return forward_call(*args, **kwargs)
  File "/Users/nachiket/Brunel/DESSERTATION/Claude_Diss/fusionformer_true.py", line 308, in forward
    u = block(u)
  File "/opt/anaconda3/lib/python3.13/site-packages/torch/nn/modules/module.py", line 1779, in _wrapped_call_impl
    return self._call_impl(*args, **kwargs)
           ~~~~~~~~~~~~~~~^^^^^^^^^^^^^^^^^
  File "/opt/anaconda3/lib/python3.13/site-packages/torch/nn/modules/module.py", line 1790, in _call_impl
    return forward_call(*args, **kwargs)
  File "/Users/nachiket/Brunel/DESSERTATION/Claude_Diss/fusionformer_true.py", line 213, in forward
    u = self.ffn1(u)    # FFN with residual+LN
  File "/opt/anaconda3/lib/python3.13/site-packages/torch/nn/modules/module.py", line 1779, in _wrapped_call_impl
    return self._call_impl(*args, **kwargs)
           ~~~~~~~~~~~~~~~^^^^^^^^^^^^^^^^^
  File "/opt/anaconda3/lib/python3.13/site-packages/torch/nn/modules/module.py", line 1790, in _call_impl
    return forward_call(*args, **kwargs)
  File "/Users/nachiket/Brunel/DESSERTATION/Claude_Diss/fusionformer_true.py", line 182, in forward
    return self.norm(u + self.ff(u))
                         ~~~~~~~^^^
  File "/opt/anaconda3/lib/python3.13/site-packages/torch/nn/modules/module.py", line 1779, in _wrapped_call_impl
    return self._call_impl(*args, **kwargs)
           ~~~~~~~~~~~~~~~^^^^^^^^^^^^^^^^^
  File "/opt/anaconda3/lib/python3.13/site-packages/torch/nn/modules/module.py", line 1790, in _call_impl
    return forward_call(*args, **kwargs)
  File "/opt/anaconda3/lib/python3.13/site-packages/torch/nn/modules/container.py", line 253, in forward
    input = module(input)
  File "/opt/anaconda3/lib/python3.13/site-packages/torch/nn/modules/module.py", line 1779, in _wrapped_call_impl
    return self._call_impl(*args, **kwargs)
           ~~~~~~~~~~~~~~~^^^^^^^^^^^^^^^^^
  File "/opt/anaconda3/lib/python3.13/site-packages/torch/nn/modules/module.py", line 1790, in _call_impl
    return forward_call(*args, **kwargs)
  File "/opt/anaconda3/lib/python3.13/site-packages/torch/nn/modules/activation.py", line 816, in forward
    return F.gelu(input, approximate=self.approximate)
           ~~~~~~^^^^^^^^^^^^^^^^^^^^^^^^^^^^^^^^^^^^^
RuntimeError: MPS backend out of memory (MPS allocated: 18.10 GiB, other allocations: 1.39 GiB, max allowed: 20.13 GiB). Tried to allocate 897.75 MiB on private pool. Use PYTORCH_MPS_HIGH_WATERMARK_RATIO=0.0 to disable upper limit for memory allocations (may cause system failure).
  progress: 19/27 done, elapsed 1146 min, estimated remaining 480 min

----- [24/27] variant=no_swse machine=machine-1-4 seed=42 @ 19:48 -----
Device: mps, seed: 42
Dataset: smd machine-1-4
  Train shape: (23706, 38), Test shape: (23707, 38)
  Test anomaly rate: 0.030
Variant: no_swse  (use_swse=False, use_mswea=True)
Fusionformer params: 4,561,728
Discriminator params: 600,449

Training 15 epochs with paper-matched hyperparameters:
  d_model=252, n_heads=6, L_seg=4, T=96, tau=24
Traceback (most recent call last):
  File "/Users/nachiket/Brunel/DESSERTATION/Claude_Diss/train_ff_forecast_and_score_anomaly.py", line 299, in <module>
    main()
    ~~~~^^
  File "/Users/nachiket/Brunel/DESSERTATION/Claude_Diss/train_ff_forecast_and_score_anomaly.py", line 266, in main
    train_fusionformer_adversarial(model, disc, X_train_s, SEQ_LEN, PRED_LEN)
    ~~~~~~~~~~~~~~~~~~~~~~~~~~~~~~^^^^^^^^^^^^^^^^^^^^^^^^^^^^^^^^^^^^^^^^^^^
  File "/Users/nachiket/Brunel/DESSERTATION/Claude_Diss/train_ff_forecast_and_score_anomaly.py", line 145, in train_fusionformer_adversarial
    y_pred = model(x_batch)
  File "/opt/anaconda3/lib/python3.13/site-packages/torch/nn/modules/module.py", line 1779, in _wrapped_call_impl
    return self._call_impl(*args, **kwargs)
           ~~~~~~~~~~~~~~~^^^^^^^^^^^^^^^^^
  File "/opt/anaconda3/lib/python3.13/site-packages/torch/nn/modules/module.py", line 1790, in _call_impl
    return forward_call(*args, **kwargs)
  File "/Users/nachiket/Brunel/DESSERTATION/Claude_Diss/fusionformer_true.py", line 308, in forward
    u = block(u)
  File "/opt/anaconda3/lib/python3.13/site-packages/torch/nn/modules/module.py", line 1779, in _wrapped_call_impl
    return self._call_impl(*args, **kwargs)
           ~~~~~~~~~~~~~~~^^^^^^^^^^^^^^^^^
  File "/opt/anaconda3/lib/python3.13/site-packages/torch/nn/modules/module.py", line 1790, in _call_impl
    return forward_call(*args, **kwargs)
  File "/Users/nachiket/Brunel/DESSERTATION/Claude_Diss/fusionformer_true.py", line 213, in forward
    u = self.ffn1(u)    # FFN with residual+LN
  File "/opt/anaconda3/lib/python3.13/site-packages/torch/nn/modules/module.py", line 1779, in _wrapped_call_impl
    return self._call_impl(*args, **kwargs)
           ~~~~~~~~~~~~~~~^^^^^^^^^^^^^^^^^
  File "/opt/anaconda3/lib/python3.13/site-packages/torch/nn/modules/module.py", line 1790, in _call_impl
    return forward_call(*args, **kwargs)
  File "/Users/nachiket/Brunel/DESSERTATION/Claude_Diss/fusionformer_true.py", line 182, in forward
    return self.norm(u + self.ff(u))
                         ~~~~~~~^^^
  File "/opt/anaconda3/lib/python3.13/site-packages/torch/nn/modules/module.py", line 1779, in _wrapped_call_impl
    return self._call_impl(*args, **kwargs)
           ~~~~~~~~~~~~~~~^^^^^^^^^^^^^^^^^
  File "/opt/anaconda3/lib/python3.13/site-packages/torch/nn/modules/module.py", line 1790, in _call_impl
    return forward_call(*args, **kwargs)
  File "/opt/anaconda3/lib/python3.13/site-packages/torch/nn/modules/container.py", line 253, in forward
    input = module(input)
  File "/opt/anaconda3/lib/python3.13/site-packages/torch/nn/modules/module.py", line 1779, in _wrapped_call_impl
    return self._call_impl(*args, **kwargs)
           ~~~~~~~~~~~~~~~^^^^^^^^^^^^^^^^^
  File "/opt/anaconda3/lib/python3.13/site-packages/torch/nn/modules/module.py", line 1790, in _call_impl
    return forward_call(*args, **kwargs)
  File "/opt/anaconda3/lib/python3.13/site-packages/torch/nn/modules/activation.py", line 816, in forward
    return F.gelu(input, approximate=self.approximate)
           ~~~~~~^^^^^^^^^^^^^^^^^^^^^^^^^^^^^^^^^^^^^
RuntimeError: MPS backend out of memory (MPS allocated: 18.10 GiB, other allocations: 1.39 GiB, max allowed: 20.13 GiB). Tried to allocate 897.75 MiB on private pool. Use PYTORCH_MPS_HIGH_WATERMARK_RATIO=0.0 to disable upper limit for memory allocations (may cause system failure).
  progress: 19/27 done, elapsed 1146 min, estimated remaining 480 min

----- [25/27] variant=no_swse machine=machine-2-1 seed=0 @ 19:48 -----
Device: mps, seed: 0
Dataset: smd machine-2-1
  Train shape: (23693, 38), Test shape: (23694, 38)
  Test anomaly rate: 0.049
Variant: no_swse  (use_swse=False, use_mswea=True)
Fusionformer params: 4,561,728
Discriminator params: 600,449

Training 15 epochs with paper-matched hyperparameters:
  d_model=252, n_heads=6, L_seg=4, T=96, tau=24
Traceback (most recent call last):
  File "/Users/nachiket/Brunel/DESSERTATION/Claude_Diss/train_ff_forecast_and_score_anomaly.py", line 299, in <module>
    main()
    ~~~~^^
  File "/Users/nachiket/Brunel/DESSERTATION/Claude_Diss/train_ff_forecast_and_score_anomaly.py", line 266, in main
    train_fusionformer_adversarial(model, disc, X_train_s, SEQ_LEN, PRED_LEN)
    ~~~~~~~~~~~~~~~~~~~~~~~~~~~~~~^^^^^^^^^^^^^^^^^^^^^^^^^^^^^^^^^^^^^^^^^^^
  File "/Users/nachiket/Brunel/DESSERTATION/Claude_Diss/train_ff_forecast_and_score_anomaly.py", line 145, in train_fusionformer_adversarial
    y_pred = model(x_batch)
  File "/opt/anaconda3/lib/python3.13/site-packages/torch/nn/modules/module.py", line 1779, in _wrapped_call_impl
    return self._call_impl(*args, **kwargs)
           ~~~~~~~~~~~~~~~^^^^^^^^^^^^^^^^^
  File "/opt/anaconda3/lib/python3.13/site-packages/torch/nn/modules/module.py", line 1790, in _call_impl
    return forward_call(*args, **kwargs)
  File "/Users/nachiket/Brunel/DESSERTATION/Claude_Diss/fusionformer_true.py", line 308, in forward
    u = block(u)
  File "/opt/anaconda3/lib/python3.13/site-packages/torch/nn/modules/module.py", line 1779, in _wrapped_call_impl
    return self._call_impl(*args, **kwargs)
           ~~~~~~~~~~~~~~~^^^^^^^^^^^^^^^^^
  File "/opt/anaconda3/lib/python3.13/site-packages/torch/nn/modules/module.py", line 1790, in _call_impl
    return forward_call(*args, **kwargs)
  File "/Users/nachiket/Brunel/DESSERTATION/Claude_Diss/fusionformer_true.py", line 213, in forward
    u = self.ffn1(u)    # FFN with residual+LN
  File "/opt/anaconda3/lib/python3.13/site-packages/torch/nn/modules/module.py", line 1779, in _wrapped_call_impl
    return self._call_impl(*args, **kwargs)
           ~~~~~~~~~~~~~~~^^^^^^^^^^^^^^^^^
  File "/opt/anaconda3/lib/python3.13/site-packages/torch/nn/modules/module.py", line 1790, in _call_impl
    return forward_call(*args, **kwargs)
  File "/Users/nachiket/Brunel/DESSERTATION/Claude_Diss/fusionformer_true.py", line 182, in forward
    return self.norm(u + self.ff(u))
                         ~~~~~~~^^^
  File "/opt/anaconda3/lib/python3.13/site-packages/torch/nn/modules/module.py", line 1779, in _wrapped_call_impl
    return self._call_impl(*args, **kwargs)
           ~~~~~~~~~~~~~~~^^^^^^^^^^^^^^^^^
  File "/opt/anaconda3/lib/python3.13/site-packages/torch/nn/modules/module.py", line 1790, in _call_impl
    return forward_call(*args, **kwargs)
  File "/opt/anaconda3/lib/python3.13/site-packages/torch/nn/modules/container.py", line 253, in forward
    input = module(input)
  File "/opt/anaconda3/lib/python3.13/site-packages/torch/nn/modules/module.py", line 1779, in _wrapped_call_impl
    return self._call_impl(*args, **kwargs)
           ~~~~~~~~~~~~~~~^^^^^^^^^^^^^^^^^
  File "/opt/anaconda3/lib/python3.13/site-packages/torch/nn/modules/module.py", line 1790, in _call_impl
    return forward_call(*args, **kwargs)
  File "/opt/anaconda3/lib/python3.13/site-packages/torch/nn/modules/activation.py", line 816, in forward
    return F.gelu(input, approximate=self.approximate)
           ~~~~~~^^^^^^^^^^^^^^^^^^^^^^^^^^^^^^^^^^^^^
RuntimeError: MPS backend out of memory (MPS allocated: 18.10 GiB, other allocations: 1.39 GiB, max allowed: 20.13 GiB). Tried to allocate 897.75 MiB on private pool. Use PYTORCH_MPS_HIGH_WATERMARK_RATIO=0.0 to disable upper limit for memory allocations (may cause system failure).
  progress: 19/27 done, elapsed 1147 min, estimated remaining 480 min

----- [26/27] variant=no_swse machine=machine-2-1 seed=1 @ 19:48 -----
Device: mps, seed: 1
Dataset: smd machine-2-1
  Train shape: (23693, 38), Test shape: (23694, 38)
  Test anomaly rate: 0.049
Variant: no_swse  (use_swse=False, use_mswea=True)
Fusionformer params: 4,561,728
Discriminator params: 600,449

Training 15 epochs with paper-matched hyperparameters:
  d_model=252, n_heads=6, L_seg=4, T=96, tau=24
Traceback (most recent call last):
  File "/Users/nachiket/Brunel/DESSERTATION/Claude_Diss/train_ff_forecast_and_score_anomaly.py", line 299, in <module>
    main()
    ~~~~^^
  File "/Users/nachiket/Brunel/DESSERTATION/Claude_Diss/train_ff_forecast_and_score_anomaly.py", line 266, in main
    train_fusionformer_adversarial(model, disc, X_train_s, SEQ_LEN, PRED_LEN)
    ~~~~~~~~~~~~~~~~~~~~~~~~~~~~~~^^^^^^^^^^^^^^^^^^^^^^^^^^^^^^^^^^^^^^^^^^^
  File "/Users/nachiket/Brunel/DESSERTATION/Claude_Diss/train_ff_forecast_and_score_anomaly.py", line 145, in train_fusionformer_adversarial
    y_pred = model(x_batch)
  File "/opt/anaconda3/lib/python3.13/site-packages/torch/nn/modules/module.py", line 1779, in _wrapped_call_impl
    return self._call_impl(*args, **kwargs)
           ~~~~~~~~~~~~~~~^^^^^^^^^^^^^^^^^
  File "/opt/anaconda3/lib/python3.13/site-packages/torch/nn/modules/module.py", line 1790, in _call_impl
    return forward_call(*args, **kwargs)
  File "/Users/nachiket/Brunel/DESSERTATION/Claude_Diss/fusionformer_true.py", line 308, in forward
    u = block(u)
  File "/opt/anaconda3/lib/python3.13/site-packages/torch/nn/modules/module.py", line 1779, in _wrapped_call_impl
    return self._call_impl(*args, **kwargs)
           ~~~~~~~~~~~~~~~^^^^^^^^^^^^^^^^^
  File "/opt/anaconda3/lib/python3.13/site-packages/torch/nn/modules/module.py", line 1790, in _call_impl
    return forward_call(*args, **kwargs)
  File "/Users/nachiket/Brunel/DESSERTATION/Claude_Diss/fusionformer_true.py", line 213, in forward
    u = self.ffn1(u)    # FFN with residual+LN
  File "/opt/anaconda3/lib/python3.13/site-packages/torch/nn/modules/module.py", line 1779, in _wrapped_call_impl
    return self._call_impl(*args, **kwargs)
           ~~~~~~~~~~~~~~~^^^^^^^^^^^^^^^^^
  File "/opt/anaconda3/lib/python3.13/site-packages/torch/nn/modules/module.py", line 1790, in _call_impl
    return forward_call(*args, **kwargs)
  File "/Users/nachiket/Brunel/DESSERTATION/Claude_Diss/fusionformer_true.py", line 182, in forward
    return self.norm(u + self.ff(u))
                         ~~~~~~~^^^
  File "/opt/anaconda3/lib/python3.13/site-packages/torch/nn/modules/module.py", line 1779, in _wrapped_call_impl
    return self._call_impl(*args, **kwargs)
           ~~~~~~~~~~~~~~~^^^^^^^^^^^^^^^^^
  File "/opt/anaconda3/lib/python3.13/site-packages/torch/nn/modules/module.py", line 1790, in _call_impl
    return forward_call(*args, **kwargs)
  File "/opt/anaconda3/lib/python3.13/site-packages/torch/nn/modules/container.py", line 253, in forward
    input = module(input)
  File "/opt/anaconda3/lib/python3.13/site-packages/torch/nn/modules/module.py", line 1779, in _wrapped_call_impl
    return self._call_impl(*args, **kwargs)
           ~~~~~~~~~~~~~~~^^^^^^^^^^^^^^^^^
  File "/opt/anaconda3/lib/python3.13/site-packages/torch/nn/modules/module.py", line 1790, in _call_impl
    return forward_call(*args, **kwargs)
  File "/opt/anaconda3/lib/python3.13/site-packages/torch/nn/modules/activation.py", line 816, in forward
    return F.gelu(input, approximate=self.approximate)
           ~~~~~~^^^^^^^^^^^^^^^^^^^^^^^^^^^^^^^^^^^^^
RuntimeError: MPS backend out of memory (MPS allocated: 18.10 GiB, other allocations: 1.39 GiB, max allowed: 20.13 GiB). Tried to allocate 897.75 MiB on private pool. Use PYTORCH_MPS_HIGH_WATERMARK_RATIO=0.0 to disable upper limit for memory allocations (may cause system failure).
  progress: 19/27 done, elapsed 1147 min, estimated remaining 480 min

----- [27/27] variant=no_swse machine=machine-2-1 seed=42 @ 19:49 -----
Device: mps, seed: 42
Dataset: smd machine-2-1
  Train shape: (23693, 38), Test shape: (23694, 38)
  Test anomaly rate: 0.049
Variant: no_swse  (use_swse=False, use_mswea=True)
Fusionformer params: 4,561,728
Discriminator params: 600,449

Training 15 epochs with paper-matched hyperparameters:
  d_model=252, n_heads=6, L_seg=4, T=96, tau=24
Traceback (most recent call last):
  File "/Users/nachiket/Brunel/DESSERTATION/Claude_Diss/train_ff_forecast_and_score_anomaly.py", line 299, in <module>
    main()
    ~~~~^^
  File "/Users/nachiket/Brunel/DESSERTATION/Claude_Diss/train_ff_forecast_and_score_anomaly.py", line 266, in main
    train_fusionformer_adversarial(model, disc, X_train_s, SEQ_LEN, PRED_LEN)
    ~~~~~~~~~~~~~~~~~~~~~~~~~~~~~~^^^^^^^^^^^^^^^^^^^^^^^^^^^^^^^^^^^^^^^^^^^
  File "/Users/nachiket/Brunel/DESSERTATION/Claude_Diss/train_ff_forecast_and_score_anomaly.py", line 145, in train_fusionformer_adversarial
    y_pred = model(x_batch)
  File "/opt/anaconda3/lib/python3.13/site-packages/torch/nn/modules/module.py", line 1779, in _wrapped_call_impl
    return self._call_impl(*args, **kwargs)
           ~~~~~~~~~~~~~~~^^^^^^^^^^^^^^^^^
  File "/opt/anaconda3/lib/python3.13/site-packages/torch/nn/modules/module.py", line 1790, in _call_impl
    return forward_call(*args, **kwargs)
  File "/Users/nachiket/Brunel/DESSERTATION/Claude_Diss/fusionformer_true.py", line 308, in forward
    u = block(u)
  File "/opt/anaconda3/lib/python3.13/site-packages/torch/nn/modules/module.py", line 1779, in _wrapped_call_impl
    return self._call_impl(*args, **kwargs)
           ~~~~~~~~~~~~~~~^^^^^^^^^^^^^^^^^
  File "/opt/anaconda3/lib/python3.13/site-packages/torch/nn/modules/module.py", line 1790, in _call_impl
    return forward_call(*args, **kwargs)
  File "/Users/nachiket/Brunel/DESSERTATION/Claude_Diss/fusionformer_true.py", line 213, in forward
    u = self.ffn1(u)    # FFN with residual+LN
  File "/opt/anaconda3/lib/python3.13/site-packages/torch/nn/modules/module.py", line 1779, in _wrapped_call_impl
    return self._call_impl(*args, **kwargs)
           ~~~~~~~~~~~~~~~^^^^^^^^^^^^^^^^^
  File "/opt/anaconda3/lib/python3.13/site-packages/torch/nn/modules/module.py", line 1790, in _call_impl
    return forward_call(*args, **kwargs)
  File "/Users/nachiket/Brunel/DESSERTATION/Claude_Diss/fusionformer_true.py", line 182, in forward
    return self.norm(u + self.ff(u))
                         ~~~~~~~^^^
  File "/opt/anaconda3/lib/python3.13/site-packages/torch/nn/modules/module.py", line 1779, in _wrapped_call_impl
    return self._call_impl(*args, **kwargs)
           ~~~~~~~~~~~~~~~^^^^^^^^^^^^^^^^^
  File "/opt/anaconda3/lib/python3.13/site-packages/torch/nn/modules/module.py", line 1790, in _call_impl
    return forward_call(*args, **kwargs)
  File "/opt/anaconda3/lib/python3.13/site-packages/torch/nn/modules/container.py", line 253, in forward
    input = module(input)
  File "/opt/anaconda3/lib/python3.13/site-packages/torch/nn/modules/module.py", line 1779, in _wrapped_call_impl
    return self._call_impl(*args, **kwargs)
           ~~~~~~~~~~~~~~~^^^^^^^^^^^^^^^^^
  File "/opt/anaconda3/lib/python3.13/site-packages/torch/nn/modules/module.py", line 1790, in _call_impl
    return forward_call(*args, **kwargs)
  File "/opt/anaconda3/lib/python3.13/site-packages/torch/nn/modules/activation.py", line 816, in forward
    return F.gelu(input, approximate=self.approximate)
           ~~~~~~^^^^^^^^^^^^^^^^^^^^^^^^^^^^^^^^^^^^^
RuntimeError: MPS backend out of memory (MPS allocated: 18.10 GiB, other allocations: 1.39 GiB, max allowed: 20.13 GiB). Tried to allocate 897.75 MiB on private pool. Use PYTORCH_MPS_HIGH_WATERMARK_RATIO=0.0 to disable upper limit for memory allocations (may cause system failure).
  progress: 19/27 done, elapsed 1147 min, estimated remaining 480 min

===========================================================
Ablation sweep finished at Fri Sep  4 19:49:20 BST 2026
Total wall-clock: 1147 min
Results in notes/ff_true_*.txt
===========================================================
